MAX | android-system-attempt2 | Android | 6.1.4.2
Fecha America/Lima: 10/07/2026 15:16:58 -05:00
Commit: 601fc357b9522e8782f8eae3498c7b98c6638673
Cambios locales: 9
Comando: C:\src\flutter\bin\flutter.bat drive --driver=test_driver/integration_test.dart --target=integration_test/max_system_test.dart -d emulator-5554 --dart-define=API_BASE_URL=http://10.0.2.2:18080/api

Resolving dependencies...
Downloading packages...
  android_file_picker 2.0.0 (2.0.1 available)
  clock 1.1.2 (1.1.3 available)
  code_assets 1.2.1 (2.1.0 available)
  cross_file 0.3.5+5 (0.4.0 available)
  cupertino_icons 1.0.9 (2.0.0 available)
  dbus 0.7.15 (0.8.0 available)
  file_picker_darwin 2.1.0 (2.1.2 available)
  file_picker_linux 2.0.0 (2.0.2 available)
  file_picker_web 4.0.0 (4.0.1 available)
  hooks 2.0.2 (2.2.0 available)
  image_picker 1.2.3 (1.2.4 available)
  image_picker_android 0.8.13+17 (0.8.13+25 available)
  image_picker_ios 0.8.13+7 (0.8.13+9 available)
  image_picker_platform_interface 2.11.1 (2.11.2 available)
  jni 1.0.3 (1.1.0 available)
  jni_flutter 1.0.3 (1.0.4+1 available)
  matcher 0.12.19 (0.12.20 available)
  material_color_utilities 0.13.0 (0.13.1 available)
  meta 1.17.0 (1.19.0 available)
  objective_c 9.5.0 (9.6.2 available)
  petitparser 7.0.2 (7.1.0 available)
  platform 3.1.6 (3.2.0 available)
  record_use 0.6.0 (1.1.1 available)
  shared_preferences 2.5.5 (2.5.6 available)
  shared_preferences_android 2.4.23 (2.4.28 available)
  stack_trace 1.12.1 (1.12.2 available)
  test_api 0.7.10 (0.7.14 available)
  url_launcher 6.3.2 (6.3.3 available)
  url_launcher_android 6.3.30 (6.3.33 available)
  vector_math 2.2.0 (2.4.3 available)
  windows_file_picker 2.0.0 (2.0.1 available)
  xml 7.0.1 (7.1.0 available)
Got dependencies!
32 packages have newer versions incompatible with dependency constraints.
Try `flutter pub outdated` for more information.
Running Gradle task 'assembleDebug'...                             15.6s
√ Built build\app\outputs\flutter-apk\app-debug.apk
Installing build\app\outputs\flutter-apk\app-debug.apk...          797ms
I/Gralloc4( 5589): mapper 4.x is not supported
D/FlutterJNI( 5589): Sending viewport metrics to the engine.
VMServiceFlutterDriver: Connecting to Flutter application at http://127.0.0.1:58908/yUy56Rm2K0w=/
VMServiceFlutterDriver: Isolate found with number: 8193834689904515
VMServiceFlutterDriver: Isolate 8193834689904515 is runnable.
VMServiceFlutterDriver: Isolate is paused at start.
VMServiceFlutterDriver: Attempting to resume isolate
I/flutter ( 5589): 00:00 +0: Android real: IAM, paciente, edición, estudio y logout
VMServiceFlutterDriver: Connected to Flutter application.
D/FlutterJNI( 5589): Sending viewport metrics to the engine.
D/FlutterJNI( 5589): Sending viewport metrics to the engine.
D/ProfileInstaller( 5589): Installing profile for com.max.max_mobile
D/EGL_emulation( 5589): app_time_stats: avg=883.92ms min=353.44ms max=1728.07ms count=4
I/ImeTracker( 5589): com.max.max_mobile:34681193: onRequestShow at ORIGIN_CLIENT_SHOW_SOFT_INPUT reason SHOW_SOFT_INPUT
D/InputMethodManager( 5589): showSoftInput() view=io.flutter.embedding.android.FlutterView{2037f44 VFE...... .F....ID 0,0-1080,1857 #1 aid=1073741824} flags=0 reason=SHOW_SOFT_INPUT
I/ImeTracker( 5589): com.max.max_mobile:393c643: onRequestShow at ORIGIN_CLIENT_SHOW_SOFT_INPUT reason SHOW_SOFT_INPUT
D/InputMethodManager( 5589): showSoftInput() view=io.flutter.embedding.android.FlutterView{2037f44 VFE...... .F....ID 0,0-1080,1857 #1 aid=1073741824} flags=0 reason=SHOW_SOFT_INPUT
D/EGL_emulation( 5589): app_time_stats: avg=120.91ms min=36.73ms max=266.97ms count=9
D/InsetsController( 5589): show(ime(), fromIme=true)
D/InsetsController( 5589): show(ime(), fromIme=true)
I/ImeTracker( 5589): com.max.max_mobile:393c643: onCancelled at PHASE_CLIENT_APPLY_ANIMATION
VMServiceFlutterDriver: request_data message is taking a long time to complete...
I/ImeTracker( 5589): com.max.max_mobile:1afe537b: onRequestShow at ORIGIN_CLIENT_SHOW_SOFT_INPUT reason SHOW_SOFT_INPUT
D/InputMethodManager( 5589): showSoftInput() view=io.flutter.embedding.android.FlutterView{2037f44 VFE...... .F...... 0,0-1080,1857 #1 aid=1073741824} flags=0 reason=SHOW_SOFT_INPUT
I/ImeTracker( 5589): com.max.max_mobile:13b54793: onRequestShow at ORIGIN_CLIENT_SHOW_SOFT_INPUT reason SHOW_SOFT_INPUT
D/InputMethodManager( 5589): showSoftInput() view=io.flutter.embedding.android.FlutterView{2037f44 VFE...... .F...... 0,0-1080,1857 #1 aid=1073741824} flags=0 reason=SHOW_SOFT_INPUT
D/FlutterJNI( 5589): Sending viewport metrics to the engine.
I/ImeTracker( 5589): com.max.max_mobile:99c63624: onRequestShow at ORIGIN_CLIENT_SHOW_SOFT_INPUT reason SHOW_SOFT_INPUT
D/InputMethodManager( 5589): showSoftInput() view=io.flutter.embedding.android.FlutterView{2037f44 VFE...... .F...... 0,0-1080,1857 #1 aid=1073741824} flags=0 reason=SHOW_SOFT_INPUT
I/ImeTracker( 5589): com.max.max_mobile:936b9d57: onRequestShow at ORIGIN_CLIENT_SHOW_SOFT_INPUT reason SHOW_SOFT_INPUT
D/InputMethodManager( 5589): showSoftInput() view=io.flutter.embedding.android.FlutterView{2037f44 VFE...... .F...... 0,0-1080,1857 #1 aid=1073741824} flags=0 reason=SHOW_SOFT_INPUT
D/FlutterJNI( 5589): Sending viewport metrics to the engine.
I/ImeTracker( 5589): com.max.max_mobile:3dc0bef: onRequestShow at ORIGIN_CLIENT_SHOW_SOFT_INPUT reason SHOW_SOFT_INPUT
D/InputMethodManager( 5589): showSoftInput() view=io.flutter.embedding.android.FlutterView{2037f44 VFE...... .F...... 0,0-1080,1857 #1 aid=1073741824} flags=0 reason=SHOW_SOFT_INPUT
I/ImeTracker( 5589): com.max.max_mobile:7891607c: onRequestShow at ORIGIN_CLIENT_SHOW_SOFT_INPUT reason SHOW_SOFT_INPUT
D/InputMethodManager( 5589): showSoftInput() view=io.flutter.embedding.android.FlutterView{2037f44 VFE...... .F...... 0,0-1080,1857 #1 aid=1073741824} flags=0 reason=SHOW_SOFT_INPUT
D/FlutterJNI( 5589): Sending viewport metrics to the engine.
D/FlutterJNI( 5589): Sending viewport metrics to the engine.
D/FlutterJNI( 5589): Sending viewport metrics to the engine.
D/FlutterJNI( 5589): Sending viewport metrics to the engine.
W/RemoteInputConnectionImpl( 5589): getSurroundingText on inactive InputConnection
I/ImeTracker( 5589): com.max.max_mobile:65be1bb1: onRequestShow at ORIGIN_CLIENT_SHOW_SOFT_INPUT reason SHOW_SOFT_INPUT
D/InputMethodManager( 5589): showSoftInput() view=io.flutter.embedding.android.FlutterView{2037f44 VFE...... .F...... 0,0-1080,1857 #1 aid=1073741824} flags=0 reason=SHOW_SOFT_INPUT
I/ImeTracker( 5589): com.max.max_mobile:1389effb: onRequestShow at ORIGIN_CLIENT_SHOW_SOFT_INPUT reason SHOW_SOFT_INPUT
D/InputMethodManager( 5589): showSoftInput() view=io.flutter.embedding.android.FlutterView{2037f44 VFE...... .F...... 0,0-1080,1857 #1 aid=1073741824} flags=0 reason=SHOW_SOFT_INPUT
D/FlutterJNI( 5589): Sending viewport metrics to the engine.
W/RemoteInputConnectionImpl( 5589): getSurroundingText on inactive InputConnection
I/ImeTracker( 5589): com.max.max_mobile:34681193: onShown
D/FlutterJNI( 5589): Sending viewport metrics to the engine.
D/FlutterJNI( 5589): Sending viewport metrics to the engine.
W/RemoteInputConnectionImpl( 5589): getSurroundingText on inactive InputConnection
W/RemoteInputConnectionImpl( 5589): getCursorCapsMode on inactive InputConnection
W/RemoteInputConnectionImpl( 5589): getSurroundingText on inactive InputConnection
W/RemoteInputConnectionImpl( 5589): getSurroundingText on inactive InputConnection
D/EGL_emulation( 5589): app_time_stats: avg=111.40ms min=45.26ms max=384.78ms count=9
W/RemoteInputConnectionImpl( 5589): getSurroundingText on inactive InputConnection
W/RemoteInputConnectionImpl( 5589): getSurroundingText on inactive InputConnection
W/RemoteInputConnectionImpl( 5589): getSurroundingText on inactive InputConnection
W/RemoteInputConnectionImpl( 5589): getCursorCapsMode on inactive InputConnection
W/RemoteInputConnectionImpl( 5589): getSurroundingText on inactive InputConnection
D/InsetsController( 5589): show(ime(), fromIme=true)
I/ImeTracker( 5589): com.max.max_mobile:13b54793: onCancelled at PHASE_CLIENT_APPLY_ANIMATION
W/RemoteInputConnectionImpl( 5589): getSurroundingText on inactive InputConnection
W/RemoteInputConnectionImpl( 5589): getSurroundingText on inactive InputConnection
W/RemoteInputConnectionImpl( 5589): getSurroundingText on inactive InputConnection
W/RemoteInputConnectionImpl( 5589): getSurroundingText on inactive InputConnection
W/RemoteInputConnectionImpl( 5589): getSurroundingText on inactive InputConnection
D/InsetsController( 5589): show(ime(), fromIme=true)
I/ImeTracker( 5589): com.max.max_mobile:936b9d57: onCancelled at PHASE_CLIENT_APPLY_ANIMATION
W/RemoteInputConnectionImpl( 5589): getSurroundingText on inactive InputConnection
W/RemoteInputConnectionImpl( 5589): getSurroundingText on inactive InputConnection
W/RemoteInputConnectionImpl( 5589): getSurroundingText on inactive InputConnection
D/InsetsController( 5589): show(ime(), fromIme=true)
I/ImeTracker( 5589): com.max.max_mobile:3dc0bef: onCancelled at PHASE_CLIENT_APPLY_ANIMATION
D/InsetsController( 5589): show(ime(), fromIme=true)
I/ImeTracker( 5589): com.max.max_mobile:7891607c: onCancelled at PHASE_CLIENT_APPLY_ANIMATION
D/InsetsController( 5589): show(ime(), fromIme=true)
I/ImeTracker( 5589): com.max.max_mobile:1389effb: onCancelled at PHASE_CLIENT_APPLY_ANIMATION
D/EGL_emulation( 5589): app_time_stats: avg=133.16ms min=15.89ms max=208.61ms count=8
D/EGL_emulation( 5589): app_time_stats: avg=180.47ms min=106.43ms max=521.91ms count=8
I/ImeTracker( 5589): com.max.max_mobile:61bbcd5d: onRequestHide at ORIGIN_CLIENT_HIDE_SOFT_INPUT reason HIDE_SOFT_INPUT
W/WindowOnBackDispatcher( 5589): sendCancelIfRunning: isInProgress=falsecallback=ImeCallback=ImeOnBackInvokedCallback@75983171 Callback=android.window.IOnBackInvokedCallback$Stub$Proxy@cfc9841
D/EGL_emulation( 5589): app_time_stats: avg=803.24ms min=5.75ms max=4326.14ms count=10
D/FlutterJNI( 5589): Sending viewport metrics to the engine.
D/FlutterJNI( 5589): Sending viewport metrics to the engine.
D/FlutterJNI( 5589): Sending viewport metrics to the engine.
D/FlutterJNI( 5589): Sending viewport metrics to the engine.
D/FlutterJNI( 5589): Sending viewport metrics to the engine.
D/FlutterJNI( 5589): Sending viewport metrics to the engine.
D/FlutterJNI( 5589): Sending viewport metrics to the engine.
D/FlutterJNI( 5589): Sending viewport metrics to the engine.
D/FlutterJNI( 5589): Sending viewport metrics to the engine.
D/FlutterJNI( 5589): Sending viewport metrics to the engine.
D/FlutterJNI( 5589): Sending viewport metrics to the engine.
D/FlutterJNI( 5589): Sending viewport metrics to the engine.
I/ImeTracker( 5589): com.max.max_mobile:19c721e5: onRequestHide at ORIGIN_CLIENT_HIDE_SOFT_INPUT reason HIDE_SOFT_INPUT_BY_INSETS_API
I/ImeTracker( 5589): com.max.max_mobile:61bbcd5d: onHidden
D/FlutterJNI( 5589): Sending viewport metrics to the engine.
D/FlutterJNI( 5589): Sending viewport metrics to the engine.
D/FlutterJNI( 5589): Sending viewport metrics to the engine.
D/EGL_emulation( 5589): app_time_stats: avg=222.74ms min=149.81ms max=328.12ms count=5
W/WindowOnBackDispatcher( 5589): OnBackInvokedCallback is not enabled for the application.
W/WindowOnBackDispatcher( 5589): Set 'android:enableOnBackInvokedCallback="true"' in the application manifest.
D/EGL_emulation( 5589): app_time_stats: avg=109.93ms min=17.29ms max=327.28ms count=10
I/ImeTracker( 5589): com.max.max_mobile:6927989e: onRequestShow at ORIGIN_CLIENT_SHOW_SOFT_INPUT reason SHOW_SOFT_INPUT
D/InputMethodManager( 5589): showSoftInput() view=io.flutter.embedding.android.FlutterView{2037f44 VFE...... .F...... 0,0-1080,1857 #1 aid=1073741824} flags=0 reason=SHOW_SOFT_INPUT
I/ImeTracker( 5589): com.max.max_mobile:6048afb4: onRequestShow at ORIGIN_CLIENT_SHOW_SOFT_INPUT reason SHOW_SOFT_INPUT
D/InputMethodManager( 5589): showSoftInput() view=io.flutter.embedding.android.FlutterView{2037f44 VFE...... .F...... 0,0-1080,1857 #1 aid=1073741824} flags=0 reason=SHOW_SOFT_INPUT
I/.max.max_mobile( 5589): NativeAlloc concurrent copying GC freed 56096(2773KB) AllocSpace objects, 23(1100KB) LOS objects, 49% free, 2862KB/5725KB, paused 7.966ms,165us total 68.198ms
D/InsetsController( 5589): show(ime(), fromIme=true)
D/InsetsController( 5589): show(ime(), fromIme=true)
I/ImeTracker( 5589): com.max.max_mobile:6048afb4: onCancelled at PHASE_CLIENT_APPLY_ANIMATION
I/ImeTracker( 5589): com.max.max_mobile:111a9720: onRequestShow at ORIGIN_CLIENT_SHOW_SOFT_INPUT reason SHOW_SOFT_INPUT
D/InputMethodManager( 5589): showSoftInput() view=io.flutter.embedding.android.FlutterView{2037f44 VFE...... .F...... 0,0-1080,1857 #1 aid=1073741824} flags=0 reason=SHOW_SOFT_INPUT
I/ImeTracker( 5589): com.max.max_mobile:f3f5fa3b: onRequestShow at ORIGIN_CLIENT_SHOW_SOFT_INPUT reason SHOW_SOFT_INPUT
D/InputMethodManager( 5589): showSoftInput() view=io.flutter.embedding.android.FlutterView{2037f44 VFE...... .F...... 0,0-1080,1857 #1 aid=1073741824} flags=0 reason=SHOW_SOFT_INPUT
D/FlutterJNI( 5589): Sending viewport metrics to the engine.
D/EGL_emulation( 5589): app_time_stats: avg=200.83ms min=5.34ms max=2526.55ms count=14
I/ImeTracker( 5589): com.max.max_mobile:7c391adf: onRequestShow at ORIGIN_CLIENT_SHOW_SOFT_INPUT reason SHOW_SOFT_INPUT
D/InputMethodManager( 5589): showSoftInput() view=io.flutter.embedding.android.FlutterView{2037f44 VFE...... .F...... 0,0-1080,1857 #1 aid=1073741824} flags=0 reason=SHOW_SOFT_INPUT
I/ImeTracker( 5589): com.max.max_mobile:808a0bdd: onRequestShow at ORIGIN_CLIENT_SHOW_SOFT_INPUT reason SHOW_SOFT_INPUT
D/InputMethodManager( 5589): showSoftInput() view=io.flutter.embedding.android.FlutterView{2037f44 VFE...... .F...... 0,0-1080,1857 #1 aid=1073741824} flags=0 reason=SHOW_SOFT_INPUT
D/FlutterJNI( 5589): Sending viewport metrics to the engine.
I/ImeTracker( 5589): com.max.max_mobile:48f88cc: onRequestHide at ORIGIN_CLIENT_HIDE_SOFT_INPUT reason HIDE_SOFT_INPUT
D/FlutterJNI( 5589): Sending viewport metrics to the engine.
D/EGL_emulation( 5589): app_time_stats: avg=152.55ms min=92.34ms max=329.86ms count=8
I/ImeTracker( 5589): com.max.max_mobile:6927989e: onShown
D/FlutterJNI( 5589): Sending viewport metrics to the engine.
D/FlutterJNI( 5589): Sending viewport metrics to the engine.
W/RemoteInputConnectionImpl( 5589): getSurroundingText on inactive InputConnection
W/RemoteInputConnectionImpl( 5589): getSurroundingText on inactive InputConnection
W/RemoteInputConnectionImpl( 5589): getSurroundingText on inactive InputConnection
W/RemoteInputConnectionImpl( 5589): getCursorCapsMode on inactive InputConnection
W/RemoteInputConnectionImpl( 5589): getSurroundingText on inactive InputConnection
W/RemoteInputConnectionImpl( 5589): getSurroundingText on inactive InputConnection
W/RemoteInputConnectionImpl( 5589): getSurroundingText on inactive InputConnection
W/RemoteInputConnectionImpl( 5589): getSurroundingText on inactive InputConnection
W/RemoteInputConnectionImpl( 5589): getSurroundingText on inactive InputConnection
W/RemoteInputConnectionImpl( 5589): getCursorCapsMode on inactive InputConnection
W/RemoteInputConnectionImpl( 5589): getSurroundingText on inactive InputConnection
D/InsetsController( 5589): show(ime(), fromIme=true)
I/ImeTracker( 5589): com.max.max_mobile:111a9720: onCancelled at PHASE_CLIENT_APPLY_ANIMATION
D/InsetsController( 5589): show(ime(), fromIme=true)
I/ImeTracker( 5589): com.max.max_mobile:f3f5fa3b: onCancelled at PHASE_CLIENT_APPLY_ANIMATION
D/EGL_emulation( 5589): app_time_stats: avg=154.21ms min=110.83ms max=239.42ms count=7
D/InsetsController( 5589): show(ime(), fromIme=true)
I/ImeTracker( 5589): com.max.max_mobile:808a0bdd: onCancelled at PHASE_CLIENT_APPLY_ANIMATION
W/WindowOnBackDispatcher( 5589): sendCancelIfRunning: isInProgress=falsecallback=ImeCallback=ImeOnBackInvokedCallback@75983171 Callback=android.window.IOnBackInvokedCallback$Stub$Proxy@7f65a43
D/FlutterJNI( 5589): Sending viewport metrics to the engine.
D/EGL_emulation( 5589): app_time_stats: avg=432.40ms min=169.77ms max=1062.92ms count=4
D/FlutterJNI( 5589): Sending viewport metrics to the engine.
D/FlutterJNI( 5589): Sending viewport metrics to the engine.
D/FlutterJNI( 5589): Sending viewport metrics to the engine.
D/FlutterJNI( 5589): Sending viewport metrics to the engine.
D/FlutterJNI( 5589): Sending viewport metrics to the engine.
D/FlutterJNI( 5589): Sending viewport metrics to the engine.
I/ImeTracker( 5589): com.max.max_mobile:e57c59b0: onRequestHide at ORIGIN_CLIENT_HIDE_SOFT_INPUT reason HIDE_SOFT_INPUT_BY_INSETS_API
I/ImeTracker( 5589): com.max.max_mobile:48f88cc: onHidden
D/FlutterJNI( 5589): Sending viewport metrics to the engine.
D/FlutterJNI( 5589): Sending viewport metrics to the engine.
D/FlutterJNI( 5589): Sending viewport metrics to the engine.
D/EGL_emulation( 5589): app_time_stats: avg=166.69ms min=22.03ms max=289.61ms count=7
I/ImeTracker( 5589): com.max.max_mobile:59d471ef: onRequestShow at ORIGIN_CLIENT_SHOW_SOFT_INPUT reason SHOW_SOFT_INPUT
D/InputMethodManager( 5589): showSoftInput() view=io.flutter.embedding.android.FlutterView{2037f44 VFE...... .F...... 0,0-1080,1857 #1 aid=1073741824} flags=0 reason=SHOW_SOFT_INPUT
I/ImeTracker( 5589): com.max.max_mobile:486e94cb: onRequestShow at ORIGIN_CLIENT_SHOW_SOFT_INPUT reason SHOW_SOFT_INPUT
D/InputMethodManager( 5589): showSoftInput() view=io.flutter.embedding.android.FlutterView{2037f44 VFE...... .F...... 0,0-1080,1857 #1 aid=1073741824} flags=0 reason=SHOW_SOFT_INPUT
D/InsetsController( 5589): show(ime(), fromIme=true)
D/InsetsController( 5589): show(ime(), fromIme=true)
I/ImeTracker( 5589): com.max.max_mobile:486e94cb: onCancelled at PHASE_CLIENT_APPLY_ANIMATION
D/FlutterJNI( 5589): Sending viewport metrics to the engine.
D/EGL_emulation( 5589): app_time_stats: avg=254.64ms min=12.82ms max=1278.59ms count=7
D/FlutterJNI( 5589): Sending viewport metrics to the engine.
D/FlutterJNI( 5589): Sending viewport metrics to the engine.
D/FlutterJNI( 5589): Sending viewport metrics to the engine.
D/FlutterJNI( 5589): Sending viewport metrics to the engine.
D/FlutterJNI( 5589): Sending viewport metrics to the engine.
D/EGL_emulation( 5589): app_time_stats: avg=118.36ms min=36.57ms max=262.00ms count=9
D/FlutterJNI( 5589): Sending viewport metrics to the engine.
D/FlutterJNI( 5589): Sending viewport metrics to the engine.
D/FlutterJNI( 5589): Sending viewport metrics to the engine.
D/FlutterJNI( 5589): Sending viewport metrics to the engine.
D/FlutterJNI( 5589): Sending viewport metrics to the engine.
D/FlutterJNI( 5589): Sending viewport metrics to the engine.
D/FlutterJNI( 5589): Sending viewport metrics to the engine.
D/FlutterJNI( 5589): Sending viewport metrics to the engine.
I/ImeTracker( 5589): com.max.max_mobile:59d471ef: onShown
D/FlutterJNI( 5589): Sending viewport metrics to the engine.
D/FlutterJNI( 5589): Sending viewport metrics to the engine.
E/FrameTracker( 5589): force finish cuj, time out: J<IME_INSETS_ANIMATION::0@1@com.max.max_mobile>
D/EGL_emulation( 5589): app_time_stats: avg=128.67ms min=23.02ms max=181.84ms count=8
I/ImeTracker( 5589): com.max.max_mobile:10e6358c: onRequestHide at ORIGIN_CLIENT_HIDE_SOFT_INPUT reason HIDE_SOFT_INPUT
W/WindowOnBackDispatcher( 5589): sendCancelIfRunning: isInProgress=falsecallback=ImeCallback=ImeOnBackInvokedCallback@75983171 Callback=android.window.IOnBackInvokedCallback$Stub$Proxy@99401e4
D/FlutterJNI( 5589): Sending viewport metrics to the engine.
D/EGL_emulation( 5589): app_time_stats: avg=115.09ms min=6.21ms max=1176.01ms count=14
I/Choreographer( 5589): Skipped 31 frames!  The application may be doing too much work on its main thread.
D/FlutterJNI( 5589): Sending viewport metrics to the engine.
D/FlutterJNI( 5589): Sending viewport metrics to the engine.
D/FlutterJNI( 5589): Sending viewport metrics to the engine.
D/FlutterJNI( 5589): Sending viewport metrics to the engine.
D/FlutterJNI( 5589): Sending viewport metrics to the engine.
D/FlutterJNI( 5589): Sending viewport metrics to the engine.
D/EGL_emulation( 5589): app_time_stats: avg=257.96ms min=114.81ms max=599.38ms count=4
D/FlutterJNI( 5589): Sending viewport metrics to the engine.
D/FlutterJNI( 5589): Sending viewport metrics to the engine.
D/FlutterJNI( 5589): Sending viewport metrics to the engine.
D/FlutterJNI( 5589): Sending viewport metrics to the engine.
D/FlutterJNI( 5589): Sending viewport metrics to the engine.
D/FlutterJNI( 5589): Sending viewport metrics to the engine.
I/ImeTracker( 5589): com.max.max_mobile:5f20100f: onRequestHide at ORIGIN_CLIENT_HIDE_SOFT_INPUT reason HIDE_SOFT_INPUT_BY_INSETS_API
I/ImeTracker( 5589): com.max.max_mobile:10e6358c: onHidden
D/FlutterJNI( 5589): Sending viewport metrics to the engine.
D/FlutterJNI( 5589): Sending viewport metrics to the engine.
D/FlutterJNI( 5589): Sending viewport metrics to the engine.
W/WindowOnBackDispatcher( 5589): OnBackInvokedCallback is not enabled for the application.
W/WindowOnBackDispatcher( 5589): Set 'android:enableOnBackInvokedCallback="true"' in the application manifest.
D/EGL_emulation( 5589): app_time_stats: avg=464.44ms min=213.13ms max=845.56ms count=3
E/FrameTracker( 5589): force finish cuj, time out: J<IME_INSETS_ANIMATION::1@1@com.max.max_mobile>
D/EGL_emulation( 5589): app_time_stats: avg=168.83ms min=16.57ms max=547.41ms count=8
I/ImeTracker( 5589): com.max.max_mobile:113405c8: onRequestShow at ORIGIN_CLIENT_SHOW_SOFT_INPUT reason SHOW_SOFT_INPUT
D/InputMethodManager( 5589): showSoftInput() view=io.flutter.embedding.android.FlutterView{2037f44 VFE...... .F...... 0,0-1080,1857 #1 aid=1073741824} flags=0 reason=SHOW_SOFT_INPUT
I/ImeTracker( 5589): com.max.max_mobile:7854dda9: onRequestShow at ORIGIN_CLIENT_SHOW_SOFT_INPUT reason SHOW_SOFT_INPUT
D/InputMethodManager( 5589): showSoftInput() view=io.flutter.embedding.android.FlutterView{2037f44 VFE...... .F...... 0,0-1080,1857 #1 aid=1073741824} flags=0 reason=SHOW_SOFT_INPUT
D/InsetsController( 5589): show(ime(), fromIme=true)
D/InsetsController( 5589): show(ime(), fromIme=true)
I/ImeTracker( 5589): com.max.max_mobile:7854dda9: onCancelled at PHASE_CLIENT_APPLY_ANIMATION
D/FlutterJNI( 5589): Sending viewport metrics to the engine.
D/EGL_emulation( 5589): app_time_stats: avg=302.12ms min=5.84ms max=3120.26ms count=13
D/FlutterJNI( 5589): Sending viewport metrics to the engine.
D/FlutterJNI( 5589): Sending viewport metrics to the engine.
D/FlutterJNI( 5589): Sending viewport metrics to the engine.
D/FlutterJNI( 5589): Sending viewport metrics to the engine.
D/FlutterJNI( 5589): Sending viewport metrics to the engine.
D/FlutterJNI( 5589): Sending viewport metrics to the engine.
D/FlutterJNI( 5589): Sending viewport metrics to the engine.
D/FlutterJNI( 5589): Sending viewport metrics to the engine.
D/FlutterJNI( 5589): Sending viewport metrics to the engine.
D/FlutterJNI( 5589): Sending viewport metrics to the engine.
I/ImeTracker( 5589): com.max.max_mobile:113405c8: onShown
D/FlutterJNI( 5589): Sending viewport metrics to the engine.
D/FlutterJNI( 5589): Sending viewport metrics to the engine.
D/EGL_emulation( 5589): app_time_stats: avg=111.50ms min=15.28ms max=245.49ms count=10
D/EGL_emulation( 5589): app_time_stats: avg=135.35ms min=118.23ms max=147.76ms count=8
I/ImeTracker( 5589): com.max.max_mobile:b950ce4a: onRequestHide at ORIGIN_CLIENT_HIDE_SOFT_INPUT reason HIDE_SOFT_INPUT
D/FlutterJNI( 5589): Sending viewport metrics to the engine.
W/WindowOnBackDispatcher( 5589): sendCancelIfRunning: isInProgress=falsecallback=ImeCallback=ImeOnBackInvokedCallback@75983171 Callback=android.window.IOnBackInvokedCallback$Stub$Proxy@62f5ce6
D/EGL_emulation( 5589): app_time_stats: avg=142.41ms min=6.14ms max=1469.35ms count=12
I/.max.max_mobile( 5589): Background young concurrent copying GC freed 49308(1964KB) AllocSpace objects, 14(728KB) LOS objects, 48% free, 2973KB/5725KB, paused 6.814ms,86us total 36.176ms
D/FlutterJNI( 5589): Sending viewport metrics to the engine.
E/FrameTracker( 5589): force finish cuj, time out: J<IME_INSETS_ANIMATION::0@1@com.max.max_mobile>
D/FlutterJNI( 5589): Sending viewport metrics to the engine.
D/FlutterJNI( 5589): Sending viewport metrics to the engine.
D/FlutterJNI( 5589): Sending viewport metrics to the engine.
D/FlutterJNI( 5589): Sending viewport metrics to the engine.
D/FlutterJNI( 5589): Sending viewport metrics to the engine.
D/FlutterJNI( 5589): Sending viewport metrics to the engine.
D/FlutterJNI( 5589): Sending viewport metrics to the engine.
D/FlutterJNI( 5589): Sending viewport metrics to the engine.
D/FlutterJNI( 5589): Sending viewport metrics to the engine.
D/FlutterJNI( 5589): Sending viewport metrics to the engine.
D/FlutterJNI( 5589): Sending viewport metrics to the engine.
D/FlutterJNI( 5589): Sending viewport metrics to the engine.
I/ImeTracker( 5589): com.max.max_mobile:f2cd20f1: onRequestHide at ORIGIN_CLIENT_HIDE_SOFT_INPUT reason HIDE_SOFT_INPUT_BY_INSETS_API
I/ImeTracker( 5589): com.max.max_mobile:b950ce4a: onHidden
D/FlutterJNI( 5589): Sending viewport metrics to the engine.
D/FlutterJNI( 5589): Sending viewport metrics to the engine.
D/FlutterJNI( 5589): Sending viewport metrics to the engine.
D/EGL_emulation( 5589): app_time_stats: avg=260.58ms min=185.22ms max=353.75ms count=4
E/FrameTracker( 5589): force finish cuj, time out: J<IME_INSETS_ANIMATION::1@1@com.max.max_mobile>
I/flutter ( 5589): ══╡ EXCEPTION CAUGHT BY FLUTTER TEST FRAMEWORK ╞════════════════════════════════════════════════════
I/flutter ( 5589): The following ApiException was thrown running a test:
I/flutter ( 5589): Invalid date/time
I/flutter ( 5589): 
I/flutter ( 5589): When the exception was thrown, this was the stack:
I/flutter ( 5589): #0      ApiClient.mapError (package:max_mobile/core/network/api_client.dart:272:7)
I/flutter ( 5589): #1      MaxApi._call (package:max_mobile/data/max_api.dart:18:14)
I/flutter ( 5589): <asynchronous suspension>
I/flutter ( 5589): #2      main.<anonymous closure> (file:///C:/Users/oscar/OneDrive/Desktop/PROJECTS/MAX/MAX_MOBILE/integration_test/max_system_test.dart:74:19)
I/flutter ( 5589): <asynchronous suspension>
I/flutter ( 5589): #3      testWidgets.<anonymous closure>.<anonymous closure> (package:flutter_test/src/widget_tester.dart:192:15)
I/flutter ( 5589): <asynchronous suspension>
I/flutter ( 5589): #4      TestWidgetsFlutterBinding._runTestBody (package:flutter_test/src/binding.dart:1682:5)
I/flutter ( 5589): <asynchronous suspension>
I/flutter ( 5589): #5      TestWidgetsFlutterBinding._createTestCompletionHandler.<anonymous closure> (package:flutter_test/src/binding.dart:1437:12)
I/flutter ( 5589): <asynchronous suspension>
I/flutter ( 5589): 
I/flutter ( 5589): The test description was:
I/flutter ( 5589):   Android real: IAM, paciente, edición, estudio y logout
I/flutter ( 5589): ════════════════════════════════════════════════════════════════════════════════════════════════════
I/flutter ( 5589): 00:25 +0: Android real: IAM, paciente, edición, estudio y logout [E]
I/flutter ( 5589):   Test failed. See exception logs above.
I/flutter ( 5589):   The test description was: Android real: IAM, paciente, edición, estudio y logout
I/flutter ( 5589):   
I/flutter ( 5589): 00:25 +0 -1: (tearDownAll)
Failure Details:
Failure in method: Android real: IAM, paciente, edición, estudio y logout
══╡ EXCEPTION CAUGHT BY FLUTTER TEST FRAMEWORK ╞═════════════════
The following ApiException was thrown running a test:
Invalid date/time

When the exception was thrown, this was the stack:
#0      ApiClient.mapError (package:max_mobile/core/network/api_client.dart:272:7)
#1      MaxApi._call (package:max_mobile/data/max_api.dart:18:14)
<asynchronous suspension>
#2      main.<anonymous closure> (file:///C:/Users/oscar/OneDrive/Desktop/PROJECTS/MAX/MAX_MOBILE/integration_test/max_system_test.dart:74:19)
<asynchronous suspension>
#3      testWidgets.<anonymous closure>.<anonymous closure> (package:flutter_test/src/widget_tester.dart:192:15)
<asynchronous suspension>
#4      TestWidgetsFlutterBinding._runTestBody (package:flutter_test/src/binding.dart:1682:5)
<asynchronous suspension>
#5      TestWidgetsFlutterBinding._createTestCompletionHandler.<anonymous closure> (package:flutter_test/src/binding.dart:1437:12)
<asynchronous suspension>

The test description was:
  Android real: IAM, paciente, edición, estudio y logout
═════════════════════════════════════════════════════════════════

end of failure 1



I/flutter ( 5589): 00:25 +1 -1: Some tests failed.
E/FrameTracker( 5589): force finish cuj, time out: J<IME_INSETS_ANIMATION::0@1@com.max.max_mobile>

Exit code: 1
Finalizado: 10/07/2026 15:17:51 -05:00
