MAX | android-expanded-unit | Android | 6.1.1
Fecha America/Lima: 10/07/2026 14:55:22 -05:00
Commit: 601fc357b9522e8782f8eae3498c7b98c6638673
Cambios locales: 4
Comando: flutter.bat test --reporter json

Resolving dependencies...
Downloading packages...
  android_file_picker 2.0.0 (2.0.1 available)
  clock 1.1.2 (1.1.3 available)
  code_assets 1.2.1 (2.1.0 available)
  cross_file 0.3.5+5 (0.4.0 available)
  cupertino_icons 1.0.9 (2.0.0 available)
  dbus 0.7.15 (0.8.0 available)
  file_picker_darwin 2.1.0 (2.1.2 available)
  file_picker_linux 2.0.0 (2.0.2 available)
  file_picker_web 4.0.0 (4.0.1 available)
  hooks 2.0.2 (2.2.0 available)
  image_picker 1.2.3 (1.2.4 available)
  image_picker_android 0.8.13+17 (0.8.13+25 available)
  image_picker_ios 0.8.13+7 (0.8.13+9 available)
  image_picker_platform_interface 2.11.1 (2.11.2 available)
  jni 1.0.3 (1.1.0 available)
  jni_flutter 1.0.3 (1.0.4+1 available)
  matcher 0.12.19 (0.12.20 available)
  material_color_utilities 0.13.0 (0.13.1 available)
  meta 1.17.0 (1.19.0 available)
  objective_c 9.5.0 (9.6.2 available)
  petitparser 7.0.2 (7.1.0 available)
  platform 3.1.6 (3.2.0 available)
  record_use 0.6.0 (1.1.1 available)
  shared_preferences 2.5.5 (2.5.6 available)
  shared_preferences_android 2.4.23 (2.4.28 available)
  stack_trace 1.12.1 (1.12.2 available)
  test_api 0.7.10 (0.7.14 available)
  url_launcher 6.3.2 (6.3.3 available)
  url_launcher_android 6.3.30 (6.3.33 available)
  vector_math 2.2.0 (2.4.3 available)
  windows_file_picker 2.0.0 (2.0.1 available)
  xml 7.0.1 (7.1.0 available)
Got dependencies!
32 packages have newer versions incompatible with dependency constraints.
Try `flutter pub outdated` for more information.
{"protocolVersion":"0.1.1","runnerVersion":null,"pid":500,"type":"start","time":0}
{"suite":{"id":0,"platform":"vm","path":"C:/Users/oscar/OneDrive/Desktop/PROJECTS/MAX/MAX_MOBILE/test/iam_test.dart"},"type":"suite","time":0}
{"test":{"id":1,"name":"loading C:/Users/oscar/OneDrive/Desktop/PROJECTS/MAX/MAX_MOBILE/test/iam_test.dart","suiteID":0,"groupIDs":[],"metadata":{"skip":false,"skipReason":null},"line":null,"column":null,"url":null},"type":"testStart","time":0}
{"suite":{"id":2,"platform":"vm","path":"C:/Users/oscar/OneDrive/Desktop/PROJECTS/MAX/MAX_MOBILE/test/models_test.dart"},"type":"suite","time":3}
{"test":{"id":3,"name":"loading C:/Users/oscar/OneDrive/Desktop/PROJECTS/MAX/MAX_MOBILE/test/models_test.dart","suiteID":2,"groupIDs":[],"metadata":{"skip":false,"skipReason":null},"line":null,"column":null,"url":null},"type":"testStart","time":3}
{"suite":{"id":4,"platform":"vm","path":"C:/Users/oscar/OneDrive/Desktop/PROJECTS/MAX/MAX_MOBILE/test/patients_test.dart"},"type":"suite","time":3}
{"test":{"id":5,"name":"loading C:/Users/oscar/OneDrive/Desktop/PROJECTS/MAX/MAX_MOBILE/test/patients_test.dart","suiteID":4,"groupIDs":[],"metadata":{"skip":false,"skipReason":null},"line":null,"column":null,"url":null},"type":"testStart","time":3}
{"suite":{"id":6,"platform":"vm","path":"C:/Users/oscar/OneDrive/Desktop/PROJECTS/MAX/MAX_MOBILE/test/studies_test.dart"},"type":"suite","time":3}
{"test":{"id":7,"name":"loading C:/Users/oscar/OneDrive/Desktop/PROJECTS/MAX/MAX_MOBILE/test/studies_test.dart","suiteID":6,"groupIDs":[],"metadata":{"skip":false,"skipReason":null},"line":null,"column":null,"url":null},"type":"testStart","time":3}
{"suite":{"id":8,"platform":"vm","path":"C:/Users/oscar/OneDrive/Desktop/PROJECTS/MAX/MAX_MOBILE/test/validators_test.dart"},"type":"suite","time":4}
{"test":{"id":9,"name":"loading C:/Users/oscar/OneDrive/Desktop/PROJECTS/MAX/MAX_MOBILE/test/validators_test.dart","suiteID":8,"groupIDs":[],"metadata":{"skip":false,"skipReason":null},"line":null,"column":null,"url":null},"type":"testStart","time":4}
{"count":5,"time":4,"type":"allSuites"}
{"testID":1,"result":"success","skipped":false,"hidden":true,"type":"testDone","time":3169}
{"group":{"id":10,"suiteID":0,"parentID":null,"name":"","metadata":{"skip":false,"skipReason":null},"testCount":4,"line":null,"column":null,"url":null},"type":"group","time":3175}
{"group":{"id":11,"suiteID":0,"parentID":10,"name":"IAM","metadata":{"skip":false,"skipReason":null},"testCount":4,"line":8,"column":3,"url":"file:///C:/Users/oscar/OneDrive/Desktop/PROJECTS/MAX/MAX_MOBILE/test/iam_test.dart"},"type":"group","time":3176}
{"test":{"id":12,"name":"IAM rechaza correo inválido y exige correo al registrarse","suiteID":0,"groupIDs":[10,11],"metadata":{"skip":false,"skipReason":null},"line":9,"column":5,"url":"file:///C:/Users/oscar/OneDrive/Desktop/PROJECTS/MAX/MAX_MOBILE/test/iam_test.dart"},"type":"testStart","time":3176}
{"testID":12,"result":"success","skipped":false,"hidden":false,"type":"testDone","time":3191}
{"test":{"id":13,"name":"IAM credenciales inválidas no crean identidad autenticada","suiteID":0,"groupIDs":[10,11],"metadata":{"skip":false,"skipReason":null},"line":14,"column":5,"url":"file:///C:/Users/oscar/OneDrive/Desktop/PROJECTS/MAX/MAX_MOBILE/test/iam_test.dart"},"type":"testStart","time":3192}
{"testID":13,"result":"success","skipped":false,"hidden":false,"type":"testDone","time":3206}
{"test":{"id":14,"name":"IAM login y logout limpian datos e identidad","suiteID":0,"groupIDs":[10,11],"metadata":{"skip":false,"skipReason":null},"line":22,"column":5,"url":"file:///C:/Users/oscar/OneDrive/Desktop/PROJECTS/MAX/MAX_MOBILE/test/iam_test.dart"},"type":"testStart","time":3207}
{"testID":14,"result":"success","skipped":false,"hidden":false,"type":"testDone","time":3214}
{"test":{"id":15,"name":"IAM contraseña actual incorrecta conserva la sesión","suiteID":0,"groupIDs":[10,11],"metadata":{"skip":false,"skipReason":null},"line":34,"column":5,"url":"file:///C:/Users/oscar/OneDrive/Desktop/PROJECTS/MAX/MAX_MOBILE/test/iam_test.dart"},"type":"testStart","time":3214}
{"testID":15,"result":"success","skipped":false,"hidden":false,"type":"testDone","time":3219}
{"testID":3,"result":"success","skipped":false,"hidden":true,"type":"testDone","time":3325}
{"group":{"id":16,"suiteID":2,"parentID":null,"name":"","metadata":{"skip":false,"skipReason":null},"testCount":2,"line":null,"column":null,"url":null},"type":"group","time":3325}
{"test":{"id":17,"name":"paciente conserva contrato JSON del backend","suiteID":2,"groupIDs":[16],"metadata":{"skip":false,"skipReason":null},"line":5,"column":3,"url":"file:///C:/Users/oscar/OneDrive/Desktop/PROJECTS/MAX/MAX_MOBILE/test/models_test.dart"},"type":"testStart","time":3325}
{"testID":17,"result":"success","skipped":false,"hidden":false,"type":"testDone","time":3345}
{"test":{"id":18,"name":"perfil administrativo usa id como userId compatible","suiteID":2,"groupIDs":[16],"metadata":{"skip":false,"skipReason":null},"line":24,"column":3,"url":"file:///C:/Users/oscar/OneDrive/Desktop/PROJECTS/MAX/MAX_MOBILE/test/models_test.dart"},"type":"testStart","time":3345}
{"testID":18,"result":"success","skipped":false,"hidden":false,"type":"testDone","time":3348}
{"testID":5,"result":"success","skipped":false,"hidden":true,"type":"testDone","time":3724}
{"group":{"id":19,"suiteID":4,"parentID":null,"name":"","metadata":{"skip":false,"skipReason":null},"testCount":5,"line":null,"column":null,"url":null},"type":"group","time":3725}
{"group":{"id":20,"suiteID":4,"parentID":19,"name":"Patients","metadata":{"skip":false,"skipReason":null},"testCount":5,"line":9,"column":3,"url":"file:///C:/Users/oscar/OneDrive/Desktop/PROJECTS/MAX/MAX_MOBILE/test/patients_test.dart"},"type":"group","time":3725}
{"test":{"id":21,"name":"Patients nombres y DNI se normalizan sin cambiar identidad o versión","suiteID":4,"groupIDs":[19,20],"metadata":{"skip":false,"skipReason":null},"line":10,"column":5,"url":"file:///C:/Users/oscar/OneDrive/Desktop/PROJECTS/MAX/MAX_MOBILE/test/patients_test.dart"},"type":"testStart","time":3725}
{"testID":21,"result":"success","skipped":false,"hidden":false,"type":"testDone","time":3743}
{"test":{"id":22,"name":"Patients registro inexistente y listado vacío mantienen estado vacío","suiteID":4,"groupIDs":[19,20],"metadata":{"skip":false,"skipReason":null},"line":18,"column":5,"url":"file:///C:/Users/oscar/OneDrive/Desktop/PROJECTS/MAX/MAX_MOBILE/test/patients_test.dart"},"type":"testStart","time":3744}
{"testID":22,"result":"success","skipped":false,"hidden":false,"type":"testDone","time":3758}
{"test":{"id":23,"name":"Patients un fallo de persistencia no agrega pacientes ficticios","suiteID":4,"groupIDs":[19,20],"metadata":{"skip":false,"skipReason":null},"line":24,"column":5,"url":"file:///C:/Users/oscar/OneDrive/Desktop/PROJECTS/MAX/MAX_MOBILE/test/patients_test.dart"},"type":"testStart","time":3759}
{"testID":23,"result":"success","skipped":false,"hidden":false,"type":"testDone","time":3768}
{"test":{"id":24,"name":"Patients bloquea doble envío mientras la operación está pendiente","suiteID":4,"groupIDs":[19,20],"metadata":{"skip":false,"skipReason":null},"line":32,"column":5,"url":"file:///C:/Users/oscar/OneDrive/Desktop/PROJECTS/MAX/MAX_MOBILE/test/patients_test.dart"},"type":"testStart","time":3769}
{"testID":24,"result":"success","skipped":false,"hidden":false,"type":"testDone","time":3780}
{"test":{"id":25,"name":"Patients descarta pacientes recibidos después del logout","suiteID":4,"groupIDs":[19,20],"metadata":{"skip":false,"skipReason":null},"line":43,"column":5,"url":"file:///C:/Users/oscar/OneDrive/Desktop/PROJECTS/MAX/MAX_MOBILE/test/patients_test.dart"},"type":"testStart","time":3781}
{"testID":25,"result":"success","skipped":false,"hidden":false,"type":"testDone","time":3786}
{"testID":7,"result":"success","skipped":false,"hidden":true,"type":"testDone","time":3989}
{"group":{"id":26,"suiteID":6,"parentID":null,"name":"","metadata":{"skip":false,"skipReason":null},"testCount":3,"line":null,"column":null,"url":null},"type":"group","time":3990}
{"group":{"id":27,"suiteID":6,"parentID":26,"name":"Studies","metadata":{"skip":false,"skipReason":null},"testCount":3,"line":8,"column":3,"url":"file:///C:/Users/oscar/OneDrive/Desktop/PROJECTS/MAX/MAX_MOBILE/test/studies_test.dart"},"type":"group","time":3990}
{"test":{"id":28,"name":"Studies conserva relaciones y metadatos del contrato JSON","suiteID":6,"groupIDs":[26,27],"metadata":{"skip":false,"skipReason":null},"line":9,"column":5,"url":"file:///C:/Users/oscar/OneDrive/Desktop/PROJECTS/MAX/MAX_MOBILE/test/studies_test.dart"},"type":"testStart","time":3990}
{"testID":28,"result":"success","skipped":false,"hidden":false,"type":"testDone","time":4006}
{"test":{"id":29,"name":"Studies identifica imágenes y PDF histórico por extensión","suiteID":6,"groupIDs":[26,27],"metadata":{"skip":false,"skipReason":null},"line":17,"column":5,"url":"file:///C:/Users/oscar/OneDrive/Desktop/PROJECTS/MAX/MAX_MOBILE/test/studies_test.dart"},"type":"testStart","time":4006}
{"testID":29,"result":"success","skipped":false,"hidden":false,"type":"testDone","time":4009}
{"test":{"id":30,"name":"Studies informa archivos fallidos y reintenta sin duplicar atención","suiteID":6,"groupIDs":[26,27],"metadata":{"skip":false,"skipReason":null},"line":21,"column":5,"url":"file:///C:/Users/oscar/OneDrive/Desktop/PROJECTS/MAX/MAX_MOBILE/test/studies_test.dart"},"type":"testStart","time":4010}
{"testID":30,"result":"success","skipped":false,"hidden":false,"type":"testDone","time":4028}
{"testID":9,"result":"success","skipped":false,"hidden":true,"type":"testDone","time":4254}
{"group":{"id":31,"suiteID":8,"parentID":null,"name":"","metadata":{"skip":false,"skipReason":null},"testCount":4,"line":null,"column":null,"url":null},"type":"group","time":4254}
{"group":{"id":32,"suiteID":8,"parentID":31,"name":"validaciones de paciente","metadata":{"skip":false,"skipReason":null},"testCount":3,"line":5,"column":3,"url":"file:///C:/Users/oscar/OneDrive/Desktop/PROJECTS/MAX/MAX_MOBILE/test/validators_test.dart"},"type":"group","time":4254}
{"test":{"id":33,"name":"validaciones de paciente DNI acepta exactamente ocho dígitos","suiteID":8,"groupIDs":[31,32],"metadata":{"skip":false,"skipReason":null},"line":6,"column":5,"url":"file:///C:/Users/oscar/OneDrive/Desktop/PROJECTS/MAX/MAX_MOBILE/test/validators_test.dart"},"type":"testStart","time":4255}
{"testID":33,"result":"success","skipped":false,"hidden":false,"type":"testDone","time":4268}
{"test":{"id":34,"name":"validaciones de paciente nombres no aceptan números ni signos arbitrarios","suiteID":8,"groupIDs":[31,32],"metadata":{"skip":false,"skipReason":null},"line":12,"column":5,"url":"file:///C:/Users/oscar/OneDrive/Desktop/PROJECTS/MAX/MAX_MOBILE/test/validators_test.dart"},"type":"testStart","time":4269}
{"testID":34,"result":"success","skipped":false,"hidden":false,"type":"testDone","time":4272}
{"test":{"id":35,"name":"validaciones de paciente teléfono acepta entre siete y quince dígitos","suiteID":8,"groupIDs":[31,32],"metadata":{"skip":false,"skipReason":null},"line":19,"column":5,"url":"file:///C:/Users/oscar/OneDrive/Desktop/PROJECTS/MAX/MAX_MOBILE/test/validators_test.dart"},"type":"testStart","time":4272}
{"testID":35,"result":"success","skipped":false,"hidden":false,"type":"testDone","time":4275}
{"group":{"id":36,"suiteID":8,"parentID":31,"name":"seguridad de contraseña","metadata":{"skip":false,"skipReason":null},"testCount":1,"line":26,"column":3,"url":"file:///C:/Users/oscar/OneDrive/Desktop/PROJECTS/MAX/MAX_MOBILE/test/validators_test.dart"},"type":"group","time":4275}
{"test":{"id":37,"name":"seguridad de contraseña exige longitud, mayúscula, número y signo","suiteID":8,"groupIDs":[31,36],"metadata":{"skip":false,"skipReason":null},"line":27,"column":5,"url":"file:///C:/Users/oscar/OneDrive/Desktop/PROJECTS/MAX/MAX_MOBILE/test/validators_test.dart"},"type":"testStart","time":4276}
{"testID":37,"result":"success","skipped":false,"hidden":false,"type":"testDone","time":4280}
{"success":true,"type":"done","time":4299}

Exit code: 0
Finalizado: 10/07/2026 14:55:30 -05:00
