MAX | android-analysis | Android | 7.1.2
Fecha America/Lima: 10/07/2026 15:00:09 -05:00
Commit: 601fc357b9522e8782f8eae3498c7b98c6638673
Cambios locales: 4
Comando: flutter.bat analyze

Resolving dependencies...
Downloading packages...
  android_file_picker 2.0.0 (2.0.1 available)
  clock 1.1.2 (1.1.3 available)
  code_assets 1.2.1 (2.1.0 available)
  cross_file 0.3.5+5 (0.4.0 available)
  cupertino_icons 1.0.9 (2.0.0 available)
  dbus 0.7.15 (0.8.0 available)
  file_picker_darwin 2.1.0 (2.1.2 available)
  file_picker_linux 2.0.0 (2.0.2 available)
  file_picker_web 4.0.0 (4.0.1 available)
  hooks 2.0.2 (2.2.0 available)
  image_picker 1.2.3 (1.2.4 available)
  image_picker_android 0.8.13+17 (0.8.13+25 available)
  image_picker_ios 0.8.13+7 (0.8.13+9 available)
  image_picker_platform_interface 2.11.1 (2.11.2 available)
  jni 1.0.3 (1.1.0 available)
  jni_flutter 1.0.3 (1.0.4+1 available)
  matcher 0.12.19 (0.12.20 available)
  material_color_utilities 0.13.0 (0.13.1 available)
  meta 1.17.0 (1.19.0 available)
  objective_c 9.5.0 (9.6.2 available)
  petitparser 7.0.2 (7.1.0 available)
  platform 3.1.6 (3.2.0 available)
  record_use 0.6.0 (1.1.1 available)
  shared_preferences 2.5.5 (2.5.6 available)
  shared_preferences_android 2.4.23 (2.4.28 available)
  stack_trace 1.12.1 (1.12.2 available)
  test_api 0.7.10 (0.7.14 available)
  url_launcher 6.3.2 (6.3.3 available)
  url_launcher_android 6.3.30 (6.3.33 available)
  vector_math 2.2.0 (2.4.3 available)
  windows_file_picker 2.0.0 (2.0.1 available)
  xml 7.0.1 (7.1.0 available)
Got dependencies!
32 packages have newer versions incompatible with dependency constraints.
Try `flutter pub outdated` for more information.
Analyzing MAX_MOBILE...                                         
No issues found! (ran in 55.8s)

Exit code: 0
Finalizado: 10/07/2026 15:01:09 -05:00
