MAX | baseline-backend | Backend | 6.1
Fecha America/Lima: 10/07/2026 14:34:56 -05:00
Commit: 17e93c08b92cad83fdb4ea232b06c21eb70c260f
Cambios locales: 0
Comando: .\mvnw.cmd -B verify

[INFO] Scanning for projects...
[INFO] 
[INFO] ------------------------< com.max:max-backend >-------------------------
[INFO] Building max-backend 0.0.1-SNAPSHOT
[INFO]   from pom.xml
[INFO] --------------------------------[ jar ]---------------------------------
[INFO] 
[INFO] --- resources:3.3.1:resources (default-resources) @ max-backend ---
[INFO] Copying 2 resources from src\main\resources to target\classes
[INFO] Copying 12 resources from src\main\resources to target\classes
[INFO] 
[INFO] --- compiler:3.14.1:compile (default-compile) @ max-backend ---
[INFO] Nothing to compile - all classes are up to date.
[INFO] 
[INFO] --- resources:3.3.1:testResources (default-testResources) @ max-backend ---
[INFO] Copying 1 resource from src\test\resources to target\test-classes
[INFO] 
[INFO] --- compiler:3.14.1:testCompile (default-testCompile) @ max-backend ---
[INFO] Nothing to compile - all classes are up to date.
[INFO] 
[INFO] --- surefire:3.5.6:test (default-test) @ max-backend ---
[INFO] Using auto detected provider org.apache.maven.surefire.junitplatform.JUnitPlatformProvider
[INFO] 
[INFO] -------------------------------------------------------
[INFO]  T E S T S
[INFO] -------------------------------------------------------
[INFO] Running com.max.maxbackend.AuthIntegrationTest
14:35:43.091 [main] INFO org.springframework.test.context.support.AnnotationConfigContextLoaderUtils -- Could not detect default configuration classes for test class [com.max.maxbackend.AuthIntegrationTest]: AuthIntegrationTest does not declare any static, non-private, non-final, nested classes annotated with @Configuration.
14:35:43.334 [main] INFO org.springframework.boot.test.context.SpringBootTestContextBootstrapper -- Found @SpringBootConfiguration com.max.maxbackend.MaxBackendApplication for test class com.max.maxbackend.AuthIntegrationTest
14:35:43.490 [main] INFO org.springframework.test.context.support.AnnotationConfigContextLoaderUtils -- Could not detect default configuration classes for test class [com.max.maxbackend.AuthIntegrationTest]: AuthIntegrationTest does not declare any static, non-private, non-final, nested classes annotated with @Configuration.
14:35:43.493 [main] INFO org.springframework.boot.test.context.SpringBootTestContextBootstrapper -- Found @SpringBootConfiguration com.max.maxbackend.MaxBackendApplication for test class com.max.maxbackend.AuthIntegrationTest
14:35:43.632 [main] INFO org.springframework.boot.devtools.restart.RestartApplicationListener -- Restart disabled due to context in which it is running

  .   ____          _            __ _ _
 /\\ / ___'_ __ _ _(_)_ __  __ _ \ \ \ \
( ( )\___ | '_ | '_| | '_ \/ _` | \ \ \ \
 \\/  ___)| |_)| | | | | || (_| |  ) ) ) )
  '  |____| .__|_| |_|_| |_\__, | / / / /
 =========|_|==============|___/=/_/_/_/

 :: Spring Boot ::                (v4.0.8)

2026-10-07T14:35:44.173-05:00  INFO 37936 --- [           main] com.max.maxbackend.AuthIntegrationTest   : Starting AuthIntegrationTest using Java 21.0.10 with PID 37936 (started by oscar in C:\Users\oscar\OneDrive\Desktop\PROJECTS\MAX\MAX_BACK\max-backend)
2026-10-07T14:35:44.174-05:00  INFO 37936 --- [           main] com.max.maxbackend.AuthIntegrationTest   : The following 1 profile is active: "test"
2026-10-07T14:35:48.022-05:00  INFO 37936 --- [           main] .s.d.r.c.RepositoryConfigurationDelegate : Bootstrapping Spring Data JPA repositories in DEFAULT mode.
2026-10-07T14:35:48.192-05:00  INFO 37936 --- [           main] .s.d.r.c.RepositoryConfigurationDelegate : Finished Spring Data repository scanning in 152 ms. Found 11 JPA repository interfaces.
2026-10-07T14:35:49.401-05:00  INFO 37936 --- [           main] o.s.boot.tomcat.TomcatWebServer          : Tomcat initialized with port 0 (http)
2026-10-07T14:35:49.436-05:00  INFO 37936 --- [           main] o.apache.catalina.core.StandardService   : Starting service [Tomcat]
2026-10-07T14:35:49.437-05:00  INFO 37936 --- [           main] o.apache.catalina.core.StandardEngine    : Starting Servlet engine: [Apache Tomcat/11.0.24]
2026-10-07T14:35:49.620-05:00  INFO 37936 --- [           main] b.w.c.s.WebApplicationContextInitializer : Root WebApplicationContext: initialization completed in 5324 ms
2026-10-07T14:35:50.159-05:00  INFO 37936 --- [           main] org.hibernate.orm.jpa                    : HHH008540: Processing PersistenceUnitInfo [name: default]
2026-10-07T14:35:50.274-05:00  INFO 37936 --- [           main] org.hibernate.orm.core                   : HHH000001: Hibernate ORM core version 7.2.24.Final
2026-10-07T14:35:51.051-05:00  INFO 37936 --- [           main] o.s.o.j.p.SpringPersistenceUnitInfo      : No LoadTimeWeaver setup: ignoring JPA class transformer
2026-10-07T14:35:51.089-05:00  INFO 37936 --- [           main] com.zaxxer.hikari.HikariDataSource       : HikariPool-1 - Starting...
2026-10-07T14:35:51.371-05:00  INFO 37936 --- [           main] com.zaxxer.hikari.pool.HikariPool        : HikariPool-1 - Added connection conn0: url=jdbc:h2:mem:maxdb user=SA
2026-10-07T14:35:51.373-05:00  INFO 37936 --- [           main] com.zaxxer.hikari.HikariDataSource       : HikariPool-1 - Start completed.
2026-10-07T14:35:51.517-05:00  INFO 37936 --- [           main] org.hibernate.orm.connections.pooling    : HHH10001005: Database info:
	Database JDBC URL [jdbc:h2:mem:maxdb]
	Database driver: H2 JDBC Driver
	Database dialect: H2Dialect
	Database version: 2.4.240
	Default catalog/schema: MAXDB/PUBLIC
	Autocommit mode: undefined/unknown
	Isolation level: READ_COMMITTED [default READ_COMMITTED]
	JDBC fetch size: 100
	Pool: DataSourceConnectionProvider
	Minimum pool size: undefined/unknown
	Maximum pool size: undefined/unknown
2026-10-07T14:35:53.133-05:00  INFO 37936 --- [           main] org.hibernate.orm.core                   : HHH000489: No JTA platform available (set 'hibernate.transaction.jta.platform' to enable JTA platform integration)
2026-10-07T14:35:53.193-05:00  INFO 37936 --- [           main] j.LocalContainerEntityManagerFactoryBean : Initialized JPA EntityManagerFactory for persistence unit 'default'
2026-10-07T14:35:53.283-05:00  INFO 37936 --- [           main] o.s.d.j.r.query.QueryEnhancerFactories   : Hibernate is in classpath; If applicable, HQL parser will be used.
2026-10-07T14:35:55.872-05:00  INFO 37936 --- [           main] o.s.b.a.e.web.EndpointLinksResolver      : Exposing 1 endpoint beneath base path '/actuator'
2026-10-07T14:35:55.986-05:00  INFO 37936 --- [           main] o.s.boot.tomcat.TomcatWebServer          : Tomcat started on port 49156 (http) with context path '/'
2026-10-07T14:35:55.997-05:00  INFO 37936 --- [           main] com.max.maxbackend.AuthIntegrationTest   : Started AuthIntegrationTest in 12.386 seconds (process running for 34.965)
2026-10-07T14:35:56.107-05:00  INFO 37936 --- [           main] c.m.m.shared.config.BootstrapDataConfig  : Bootstrap admin seed disabled
Mockito is currently self-attaching to enable the inline-mock-maker. This will no longer work in future releases of the JDK. Please add Mockito as an agent to your build as described in Mockito's documentation: https://javadoc.io/doc/org.mockito/mockito-core/latest/org.mockito/org/mockito/Mockito.html#0.3
WARNING: A Java agent has been loaded dynamically (C:\Users\oscar\.m2\repository\net\bytebuddy\byte-buddy-agent\1.17.8\byte-buddy-agent-1.17.8.jar)
WARNING: If a serviceability tool is in use, please run with -XX:+EnableDynamicAgentLoading to hide this warning
WARNING: If a serviceability tool is not in use, please run with -Djdk.instrument.traceUsage for more information
WARNING: Dynamic loading of agents will be disallowed by default in a future release
2026-10-07T14:35:57.105-05:00  INFO 37936 --- [o-auto-1-exec-1] o.a.c.c.C.[Tomcat].[localhost].[/]       : Initializing Spring DispatcherServlet 'dispatcherServlet'
2026-10-07T14:35:57.107-05:00  INFO 37936 --- [o-auto-1-exec-1] o.s.web.servlet.DispatcherServlet        : Initializing Servlet 'dispatcherServlet'
2026-10-07T14:35:57.109-05:00  INFO 37936 --- [o-auto-1-exec-1] o.s.web.servlet.DispatcherServlet        : Completed initialization in 2 ms
[INFO] Tests run: 16, Failures: 0, Errors: 0, Skipped: 0, Time elapsed: 18.31 s -- in com.max.maxbackend.AuthIntegrationTest
[INFO] Running com.max.maxbackend.MaxBackendApplicationTests
2026-10-07T14:36:01.083-05:00  INFO 37936 --- [           main] t.c.s.AnnotationConfigContextLoaderUtils : Could not detect default configuration classes for test class [com.max.maxbackend.MaxBackendApplicationTests]: MaxBackendApplicationTests does not declare any static, non-private, non-final, nested classes annotated with @Configuration.
2026-10-07T14:36:01.085-05:00  INFO 37936 --- [           main] .b.t.c.SpringBootTestContextBootstrapper : Found @SpringBootConfiguration com.max.maxbackend.MaxBackendApplication for test class com.max.maxbackend.MaxBackendApplicationTests
2026-10-07T14:36:01.086-05:00  INFO 37936 --- [           main] t.c.s.AnnotationConfigContextLoaderUtils : Could not detect default configuration classes for test class [com.max.maxbackend.MaxBackendApplicationTests]: MaxBackendApplicationTests does not declare any static, non-private, non-final, nested classes annotated with @Configuration.
2026-10-07T14:36:01.088-05:00  INFO 37936 --- [           main] .b.t.c.SpringBootTestContextBootstrapper : Found @SpringBootConfiguration com.max.maxbackend.MaxBackendApplication for test class com.max.maxbackend.MaxBackendApplicationTests
2026-10-07T14:36:01.100-05:00  INFO 37936 --- [           main] o.s.b.d.r.RestartApplicationListener     : Restart disabled due to context in which it is running

  .   ____          _            __ _ _
 /\\ / ___'_ __ _ _(_)_ __  __ _ \ \ \ \
( ( )\___ | '_ | '_| | '_ \/ _` | \ \ \ \
 \\/  ___)| |_)| | | | | || (_| |  ) ) ) )
  '  |____| .__|_| |_|_| |_\__, | / / / /
 =========|_|==============|___/=/_/_/_/

 :: Spring Boot ::                (v4.0.8)

2026-10-07T14:36:01.149-05:00  INFO 37936 --- [           main] c.m.m.MaxBackendApplicationTests         : Starting MaxBackendApplicationTests using Java 21.0.10 with PID 37936 (started by oscar in C:\Users\oscar\OneDrive\Desktop\PROJECTS\MAX\MAX_BACK\max-backend)
2026-10-07T14:36:01.150-05:00  INFO 37936 --- [           main] c.m.m.MaxBackendApplicationTests         : The following 1 profile is active: "test"
2026-10-07T14:36:01.541-05:00  INFO 37936 --- [           main] .s.d.r.c.RepositoryConfigurationDelegate : Bootstrapping Spring Data JPA repositories in DEFAULT mode.
2026-10-07T14:36:01.599-05:00  INFO 37936 --- [           main] .s.d.r.c.RepositoryConfigurationDelegate : Finished Spring Data repository scanning in 56 ms. Found 11 JPA repository interfaces.
2026-10-07T14:36:01.685-05:00  INFO 37936 --- [           main] org.hibernate.orm.jpa                    : HHH008540: Processing PersistenceUnitInfo [name: default]
2026-10-07T14:36:01.716-05:00  INFO 37936 --- [           main] o.s.o.j.p.SpringPersistenceUnitInfo      : No LoadTimeWeaver setup: ignoring JPA class transformer
2026-10-07T14:36:01.720-05:00  INFO 37936 --- [           main] com.zaxxer.hikari.HikariDataSource       : HikariPool-2 - Starting...
2026-10-07T14:36:01.722-05:00  INFO 37936 --- [           main] com.zaxxer.hikari.pool.HikariPool        : HikariPool-2 - Added connection conn10: url=jdbc:h2:mem:maxdb user=SA
2026-10-07T14:36:01.722-05:00  INFO 37936 --- [           main] com.zaxxer.hikari.HikariDataSource       : HikariPool-2 - Start completed.
2026-10-07T14:36:01.723-05:00  INFO 37936 --- [           main] org.hibernate.orm.connections.pooling    : HHH10001005: Database info:
	Database JDBC URL [jdbc:h2:mem:maxdb]
	Database driver: H2 JDBC Driver
	Database dialect: H2Dialect
	Database version: 2.4.240
	Default catalog/schema: MAXDB/PUBLIC
	Autocommit mode: undefined/unknown
	Isolation level: READ_COMMITTED [default READ_COMMITTED]
	JDBC fetch size: 100
	Pool: DataSourceConnectionProvider
	Minimum pool size: undefined/unknown
	Maximum pool size: undefined/unknown
2026-10-07T14:36:01.815-05:00  INFO 37936 --- [           main] org.hibernate.orm.core                   : HHH000489: No JTA platform available (set 'hibernate.transaction.jta.platform' to enable JTA platform integration)
2026-10-07T14:36:01.829-05:00  INFO 37936 --- [           main] j.LocalContainerEntityManagerFactoryBean : Initialized JPA EntityManagerFactory for persistence unit 'default'
2026-10-07T14:36:02.287-05:00  INFO 37936 --- [           main] o.s.b.a.e.web.EndpointLinksResolver      : Exposing 1 endpoint beneath base path '/actuator'
2026-10-07T14:36:02.303-05:00  INFO 37936 --- [           main] c.m.m.MaxBackendApplicationTests         : Started MaxBackendApplicationTests in 1.204 seconds (process running for 41.27)
2026-10-07T14:36:02.305-05:00  INFO 37936 --- [           main] c.m.m.shared.config.BootstrapDataConfig  : Bootstrap admin seed disabled
[INFO] Tests run: 1, Failures: 0, Errors: 0, Skipped: 0, Time elapsed: 1.257 s -- in com.max.maxbackend.MaxBackendApplicationTests
[INFO] Running com.max.maxbackend.shared.security.PasswordPolicyTest
[INFO] Tests run: 2, Failures: 0, Errors: 0, Skipped: 0, Time elapsed: 0.004 s -- in com.max.maxbackend.shared.security.PasswordPolicyTest
[INFO] 
[INFO] Results:
[INFO] 
[INFO] Tests run: 19, Failures: 0, Errors: 0, Skipped: 0
[INFO] 
[INFO] 
[INFO] --- jar:3.4.2:jar (default-jar) @ max-backend ---
[INFO] 
[INFO] --- spring-boot:4.0.8:repackage (repackage) @ max-backend ---
[INFO] Replacing main artifact C:\Users\oscar\OneDrive\Desktop\PROJECTS\MAX\MAX_BACK\max-backend\target\max-backend-0.0.1-SNAPSHOT.jar with repackaged archive, adding nested dependencies in BOOT-INF/.
[INFO] The original artifact has been renamed to C:\Users\oscar\OneDrive\Desktop\PROJECTS\MAX\MAX_BACK\max-backend\target\max-backend-0.0.1-SNAPSHOT.jar.original
[INFO] ------------------------------------------------------------------------
[INFO] BUILD SUCCESS
[INFO] ------------------------------------------------------------------------
[INFO] Total time:  01:01 min
[INFO] Finished at: 2026-10-07T14:36:07-05:00
[INFO] ------------------------------------------------------------------------

Exit code: 0
Finalizado: 10/07/2026 14:36:07 -05:00
