MAX | baseline-web-unit | Web | 6.1
Fecha America/Lima: 10/07/2026 14:34:57 -05:00
Commit: 63ed173284647024a7612d5a1cf8f8b0290eff35
Cambios locales: 0
Comando: npm.cmd test -- --watch=false


> max@0.0.0 test
> ng test --watch=false

> Building...
√ Building...
Initial chunk files                                                 | Names                                                            |  Raw size
styles.css                                                          | styles                                                           |  13.03 kB | 
chunk-CGZBV6BD.js                                                   | -                                                                |   4.07 kB | 
spec-app-contexts-pacientes-application-pacientes.store.js          | spec-app-contexts-pacientes-application-pacientes.store          |   3.25 kB | 
spec-app-contexts-pacientes-application-patient-input.validation.js | spec-app-contexts-pacientes-application-patient-input.validation |   2.13 kB | 
spec-app-core-validation-password.validation.js                     | spec-app-core-validation-password.validation                     |   2.03 kB | 
spec-app-core-validation-search-input.validation.js                 | spec-app-core-validation-search-input.validation                 |   1.25 kB | 
init-testbed.js                                                     | init-testbed                                                     |   1.21 kB | 
spec-app-contexts-usuarios-application-auth-store.js                | spec-app-contexts-usuarios-application-auth-store                |   1.13 kB | 
vitest-mock-patch.js                                                | vitest-mock-patch                                                | 974 bytes | 

                                                                    | Initial total                                                    |  29.08 kB

Application bundle generation complete. [11.614 seconds] - 2026-10-07T19:35:42.192Z


 RUN  v4.1.11 C:/Users/oscar/OneDrive/Desktop/PROJECTS/MAX/MAX_FRONT/MAX


 Test Files  5 passed (5)
      Tests  15 passed (15)
   Start at  14:35:46
   Duration  16.32s (transform 1.38s, setup 6.65s, import 1.32s, tests 42ms, environment 69.29s)


Exit code: 0
Finalizado: 10/07/2026 14:36:04 -05:00
