INFO         | Android emulator version 36.5.11.0 (build_id 15261927) (CL:N/A)
INFO         | Graphics backend: gfxstream
INFO         | Found systemPath C:\Users\oscar\AppData\Local\Android\sdk\system-images\android-34\google_apis\x86_64\
INFO         | IPv4 server found: 192.168.18.1
INFO         | Ignore IPv6 address: c081:ec65:9a01:0:c081:ec65:9a01:0
INFO         | Ignore IPv6 address: c081:ec65:9a01:0:c081:ec65:9a01:0
INFO         | Ignore IPv6 address: c081:ec65:9a01:0:c081:ec65:9a01:0
INFO         | Ignore IPv6 address: 288d:ec65:9a01:0:c081:ec65:9a01:0
INFO         | Ignore IPv6 address: 288d:ec65:9a01:0:c081:ec65:9a01:0
INFO         | Ignore IPv6 address: 288d:ec65:9a01:0:c081:ec65:9a01:0
INFO         | Ignore IPv6 address: 4093:ec65:9a01:0:c081:ec65:9a01:0
INFO         | Ignore IPv6 address: 4093:ec65:9a01:0:c081:ec65:9a01:0
INFO         | Ignore IPv6 address: 4093:ec65:9a01:0:c081:ec65:9a01:0
INFO         | Ignore IPv6 address: d0a0:ec65:9a01:0:c081:ec65:9a01:0
INFO         | Ignore IPv6 address: d0a0:ec65:9a01:0:c081:ec65:9a01:0
INFO         | Ignore IPv6 address: d0a0:ec65:9a01:0:c081:ec65:9a01:0
INFO         | Ignore IPv6 address: d8a6:ec65:9a01:0:c081:ec65:9a01:0
INFO         | Ignore IPv6 address: d8a6:ec65:9a01:0:c081:ec65:9a01:0
INFO         | Ignore IPv6 address: d8a6:ec65:9a01:0:c081:ec65:9a01:0
INFO         | Ignore IPv6 address: c0ac:ec65:9a01:0:c081:ec65:9a01:0
INFO         | Ignore IPv6 address: c0ac:ec65:9a01:0:c081:ec65:9a01:0
INFO         | Ignore IPv6 address: c0ac:ec65:9a01:0:c081:ec65:9a01:0
INFO         | Guest GLES Driver: Auto (ext controls)
INFO         | emuglConfig_init: vulkan_mode_selected:lavapipe gles_mode_selected:swiftshader
INFO         | Checking system compatibility:
INFO         |   Checking: hasCompatibleHypervisor
INFO         |      Ok: Hypervisor compatibility to run avd: `Medium_Phone` are met
INFO         |   Checking: hasSufficientSystem
INFO         |      Ok: System requirements to run avd: `Medium_Phone` are met
INFO         |   Checking: hasSufficientHwGpu
INFO         |      Ok: Hardware GPU compatibility checks are not required
INFO         |   Checking: hasSufficientDiskSpace
INFO         |      Ok: Disk space requirements to run avd: `Medium_Phone` are met
INFO         | Storing crashdata in: C:\Users\oscar\AppData\Local\Temp\\AndroidEmulator\emu-crash-36.5.11.db, detection is enabled for process: 18300
INFO         | Initializing gfxstream backend
INFO         | android_startOpenglesRenderer: gpu info
INFO         | GPU #1
  Make: 10de
  Model: NVIDIA GeForce RTX 5060 Laptop GPU
  Device ID: 2d19

INFO         | initIcdPaths: ICD set to 'lavapipe', using Lavapipe ICD
INFO         | Setting ICD filenames for the loader = C:\Users\oscar\AppData\Local\Android\sdk\emulator\lib64\vulkan\lvp_icd.json
INFO         | SharedLibrary::open for [C:\Users\oscar\AppData\Local\Android\sdk\emulator\qemu\windows-x86_64\lib64\vulkan\vulkan-1.dll]
INFO         | SharedLibrary::open for [C:\Users\oscar\AppData\Local\Android\sdk\emulator\lib64\vulkan\vulkan-1.dll]
INFO         | Added library: C:\Users\oscar\AppData\Local\Android\sdk\emulator\lib64\vulkan\vulkan-1.dll
INFO         | Selecting Vulkan device: llvmpipe (LLVM 21.1.2, 256 bits), Version: 1.4.318
INFO         | Initializing VkEmulation features:
INFO         |     glInteropSupported: false
INFO         |     useDeferredCommands: true
INFO         |     createResourceWithRequirements: true
INFO         |     useVulkanComposition: false
INFO         |     useVulkanNativeSwapchain: false
INFO         |     enable guestRenderDoc: false
INFO         |     ASTC LDR emulation mode: Gpu
INFO         |     enable ETC2 emulation: true
INFO         |     enable Ycbcr emulation: false
INFO         |     guestVulkanOnly: false
INFO         |     useDedicatedAllocations: false
INFO         |     guestVulkanMaxApiVersion: 1.3.0
INFO         | Graphics Adapter Vendor Google (Google Inc.)
INFO         | Graphics Adapter Android Emulator OpenGL ES Translator (Google SwiftShader)
INFO         | Graphics API Version OpenGL ES 3.0 (OpenGL ES 3.0 SwiftShader 4.0.0.1)
INFO         | Graphics API Extensions GL_OES_EGL_sync GL_OES_EGL_image GL_OES_EGL_image_external GL_OES_depth24 GL_OES_depth32 GL_OES_element_index_uint GL_OES_texture_float GL_OES_texture_float_linear GL_OES_compressed_paletted_texture GL_OES_compressed_ETC1_RGB8_texture GL_OES_depth_texture GL_OES_texture_half_float GL_OES_texture_half_float_linear GL_OES_packed_depth_stencil GL_OES_vertex_half_float GL_OES_standard_derivatives GL_OES_texture_npot GL_OES_rgb8_rgba8 GL_EXT_color_buffer_float GL_EXT_color_buffer_half_float GL_EXT_texture_format_BGRA8888 GL_APPLE_texture_format_BGRA8888 
INFO         | Graphics Device Extensions N/A
INFO         | Disabling sparse binding feature support
INFO         | Sending adb public key [QAAAACncyornf0OZVEupaQy99hKFUyqxsj9GEytlqqwUErogHX/FIqMIW2DXI5J3uAMcUMoMBhHs9CcTPVG2niiRl75C4oZVspob8Yk9r3xzzG+JNVUhY2+0nWokmgGvOb/6Hiy/W6PO+Wa97C2WO7u8pWmp21W/tkKSNNFwb+3FT3ZF/1yiZhaXhWYZvi1egIox0c6sdMV2DWAAvT1vin5KoZjbpl/pR/q6eNjb6Oz+rJFpjuSWoEtBc6mJbwALzk7jE1EaYjpqhghh18HUM6+VBi8UH+2etLYKq5seckLUbHA4VWmDq3LcmLNEzvLmoCN6wP4TWaIPV7l+8CWV3GOYWEcEsf3C9HkSf568WdvsqRtjF0jUeiVNp7ECY26z3igvOnoi87riUYtnoHfeiXk5qmyMQ/ZVX/RYjc6GGi7CFyXGtiIAkN5G6WRfNGEh5z/tabKu9NIwV1GuYCbZtteOyJ9tdKCkKj39bJDE5ThfWVZLbqt+9lJyE95lsd5+jsqGUainsItsToBA0PicUYmjtrGCNrn+/I1ZzWH5tR1JnKLt/e1BY/724OAtE8l26VUJWtwvMCMOVyp86XY1hHpktYmQ5O4unyu5HBeuROqUhSUpR9eowTpYpxUIndZPLOSYOf7zTtxACR69xXp44ydZ4t42AOBLIJG8uHVDbuFeYhiLtfw2IgEAAQA= @unknown]
INFO         | Userspace boot properties:
INFO         |   androidboot.boot_devices=pci0000:00/0000:00:03.0 pci0000:00/0000:00:06.0
INFO         |   androidboot.dalvik.vm.heapsize=512m
INFO         |   androidboot.debug.hwui.renderer=skiagl
INFO         |   androidboot.hardware=ranchu
INFO         |   androidboot.hardware.gltransport=pipe
INFO         |   androidboot.hardware.vulkan=ranchu
INFO         |   androidboot.logcat=*:V
INFO         |   androidboot.opengles.version=196608
INFO         |   androidboot.qemu=1
INFO         |   androidboot.qemu.adb.pubkey=QAAAACncyornf0OZVEupaQy99hKFUyqxsj9GEytlqqwUErogHX/FIqMIW2DXI5J3uAMcUMoMBhHs9CcTPVG2niiRl75C4oZVspob8Yk9r3xzzG+JNVUhY2+0nWokmgGvOb/6Hiy/W6PO+Wa97C2WO7u8pWmp21W/tkKSNNFwb+3FT3ZF/1yiZhaXhWYZvi1egIox0c6sdMV2DWAAvT1vin5KoZjbpl/pR/q6eNjb6Oz+rJFpjuSWoEtBc6mJbwALzk7jE1EaYjpqhghh18HUM6+VBi8UH+2etLYKq5seckLUbHA4VWmDq3LcmLNEzvLmoCN6wP4TWaIPV7l+8CWV3GOYWEcEsf3C9HkSf568WdvsqRtjF0jUeiVNp7ECY26z3igvOnoi87riUYtnoHfeiXk5qmyMQ/ZVX/RYjc6GGi7CFyXGtiIAkN5G6WRfNGEh5z/tabKu9NIwV1GuYCbZtteOyJ9tdKCkKj39bJDE5ThfWVZLbqt+9lJyE95lsd5+jsqGUainsItsToBA0PicUYmjtrGCNrn+/I1ZzWH5tR1JnKLt/e1BY/724OAtE8l26VUJWtwvMCMOVyp86XY1hHpktYmQ5O4unyu5HBeuROqUhSUpR9eowTpYpxUIndZPLOSYOf7zTtxACR69xXp44ydZ4t42AOBLIJG8uHVDbuFeYhiLtfw2IgEAAQA= @unknown
INFO         |   androidboot.qemu.avd_name=Medium_Phone
INFO         |   androidboot.qemu.camera_hq_edge_processing=0
INFO         |   androidboot.qemu.camera_protocol_ver=1
INFO         |   androidboot.qemu.cpuvulkan.version=4202496
INFO         |   androidboot.qemu.gltransport.drawFlushInterval=800
INFO         |   androidboot.qemu.gltransport.name=pipe
INFO         |   androidboot.qemu.hwcodec.avcdec=2
INFO         |   androidboot.qemu.hwcodec.hevcdec=2
INFO         |   androidboot.qemu.hwcodec.vpxdec=2
INFO         |   androidboot.qemu.settings.system.screen_off_timeout=2147483647
INFO         |   androidboot.qemu.skin=1080x2400
INFO         |   androidboot.qemu.virtiowifi=1
INFO         |   androidboot.qemu.vsync=60
INFO         |   androidboot.serialno=EMULATOR36X5X11X0
INFO         |   androidboot.vbmeta.digest=451e57ed688ff746d2c636d52169ade253e2bc5bb30a5c3ff23679ca15d3bcd3
INFO         |   androidboot.vbmeta.hash_alg=sha256
INFO         |   androidboot.vbmeta.size=6656
INFO         |   androidboot.veritymode=enforcing
WHPX on Windows 10.0.26300 detected.
Windows Hypervisor Platform accelerator is operational
INFO         | Monitoring duration of emulator setup.
WARNING      | The emulator now requires a signed jwt token for gRPC access! Use the -grpc flag if you really want an open unprotected grpc port
INFO         | Using security allow list from: C:\Users\oscar\AppData\Local\Android\sdk\emulator\lib\emulator_access.json
WARNING      | *** Basic token auth should only be used by android-studio ***
INFO         | The active JSON Web Key Sets can be found here: C:\Users\oscar\AppData\Local\Temp\avd\running\18300\jwks\7dfc9845-16af-4e1a-b19d-b780bfc08c50\active.jwk
INFO         | Scanning C:\Users\oscar\AppData\Local\Temp\avd\running\18300\jwks\7dfc9845-16af-4e1a-b19d-b780bfc08c50 for jwk keys.
INFO         | Started GRPC server at 127.0.0.1:8554, security: Local, auth: +token
INFO         | Advertising in: C:\Users\oscar\AppData\Local\Temp\avd\running\pid_18300.ini
INFO         | Activated packet streamer for bluetooth emulation
INFO         | Successfully initialized netsim WiFi
INFO         | Setting display: 0 configuration to: 1080x2400, dpi: 420x420 
INFO         | setDisplayActiveConfig: id:0, 1080x2400
INFO         | emulatorSetupEnvironment: Setting up screen background view and display layout at env:1080x2400, lcd:1080x2400
WARNING      | getEnvironmentConfig: No environment config is provided
INFO         | getEnvironmentConfig: Using default virtual scene contents for the environment.
USER_INFO    | Emulator is performing a full startup. This may take upto two minutes, or more.
INFO         | GPU Vendor=[Google (Google Inc.)]
INFO         | GPU Renderer=[Android Emulator OpenGL ES Translator (Google SwiftShader)]
INFO         | GPU Version=[OpenGL ES 3.0 (OpenGL ES 3.0 SwiftShader 4.0.0.1)]
INFO         | Boot completed in 69898 ms
INFO         | Increasing screen off timeout, logcat buffer size to 2M.
INFO         | IPv4 server found: 192.168.18.1
INFO         | Ignore IPv6 address: 6062:225e:9b01:0:6062:225e:9b01:0
INFO         | Ignore IPv6 address: 6062:225e:9b01:0:6062:225e:9b01:0
INFO         | Ignore IPv6 address: 6062:225e:9b01:0:6062:225e:9b01:0
INFO         | Ignore IPv6 address: c86d:225e:9b01:0:6062:225e:9b01:0
INFO         | Ignore IPv6 address: c86d:225e:9b01:0:6062:225e:9b01:0
INFO         | Ignore IPv6 address: c86d:225e:9b01:0:6062:225e:9b01:0
INFO         | Ignore IPv6 address: e073:225e:9b01:0:6062:225e:9b01:0
INFO         | Ignore IPv6 address: e073:225e:9b01:0:6062:225e:9b01:0
INFO         | Ignore IPv6 address: e073:225e:9b01:0:6062:225e:9b01:0
INFO         | Ignore IPv6 address: 7081:225e:9b01:0:6062:225e:9b01:0
INFO         | Ignore IPv6 address: 7081:225e:9b01:0:6062:225e:9b01:0
INFO         | Ignore IPv6 address: 7081:225e:9b01:0:6062:225e:9b01:0
INFO         | Ignore IPv6 address: 7887:225e:9b01:0:6062:225e:9b01:0
INFO         | Ignore IPv6 address: 7887:225e:9b01:0:6062:225e:9b01:0
INFO         | Ignore IPv6 address: 7887:225e:9b01:0:6062:225e:9b01:0
INFO         | Ignore IPv6 address: 608d:225e:9b01:0:6062:225e:9b01:0
INFO         | Ignore IPv6 address: 608d:225e:9b01:0:6062:225e:9b01:0
INFO         | Ignore IPv6 address: 608d:225e:9b01:0:6062:225e:9b01:0
INFO         | IPv4 server found: 192.168.18.1
INFO         | Ignore IPv6 address: 6062:225e:9b01:0:6062:225e:9b01:0
INFO         | Ignore IPv6 address: 6062:225e:9b01:0:6062:225e:9b01:0
INFO         | Ignore IPv6 address: 6062:225e:9b01:0:6062:225e:9b01:0
INFO         | Ignore IPv6 address: c86d:225e:9b01:0:6062:225e:9b01:0
INFO         | Ignore IPv6 address: c86d:225e:9b01:0:6062:225e:9b01:0
INFO         | Ignore IPv6 address: c86d:225e:9b01:0:6062:225e:9b01:0
INFO         | Ignore IPv6 address: e073:225e:9b01:0:6062:225e:9b01:0
INFO         | Ignore IPv6 address: e073:225e:9b01:0:6062:225e:9b01:0
INFO         | Ignore IPv6 address: e073:225e:9b01:0:6062:225e:9b01:0
INFO         | Ignore IPv6 address: 7081:225e:9b01:0:6062:225e:9b01:0
INFO         | Ignore IPv6 address: 7081:225e:9b01:0:6062:225e:9b01:0
INFO         | Ignore IPv6 address: 7081:225e:9b01:0:6062:225e:9b01:0
INFO         | Ignore IPv6 address: 7887:225e:9b01:0:6062:225e:9b01:0
INFO         | Ignore IPv6 address: 7887:225e:9b01:0:6062:225e:9b01:0
INFO         | Ignore IPv6 address: 7887:225e:9b01:0:6062:225e:9b01:0
INFO         | Ignore IPv6 address: 608d:225e:9b01:0:6062:225e:9b01:0
INFO         | Ignore IPv6 address: 608d:225e:9b01:0:6062:225e:9b01:0
INFO         | Ignore IPv6 address: 608d:225e:9b01:0:6062:225e:9b01:0
INFO         | IPv4 server found: 192.168.18.1
INFO         | Ignore IPv6 address: 6062:225e:9b01:0:6062:225e:9b01:0
INFO         | Ignore IPv6 address: 6062:225e:9b01:0:6062:225e:9b01:0
INFO         | Ignore IPv6 address: 6062:225e:9b01:0:6062:225e:9b01:0
INFO         | Ignore IPv6 address: c86d:225e:9b01:0:6062:225e:9b01:0
INFO         | Ignore IPv6 address: c86d:225e:9b01:0:6062:225e:9b01:0
INFO         | Ignore IPv6 address: c86d:225e:9b01:0:6062:225e:9b01:0
INFO         | Ignore IPv6 address: e073:225e:9b01:0:6062:225e:9b01:0
INFO         | Ignore IPv6 address: e073:225e:9b01:0:6062:225e:9b01:0
INFO         | Ignore IPv6 address: e073:225e:9b01:0:6062:225e:9b01:0
INFO         | Ignore IPv6 address: 7081:225e:9b01:0:6062:225e:9b01:0
INFO         | Ignore IPv6 address: 7081:225e:9b01:0:6062:225e:9b01:0
INFO         | Ignore IPv6 address: 7081:225e:9b01:0:6062:225e:9b01:0
INFO         | Ignore IPv6 address: 7887:225e:9b01:0:6062:225e:9b01:0
INFO         | Ignore IPv6 address: 7887:225e:9b01:0:6062:225e:9b01:0
INFO         | Ignore IPv6 address: 7887:225e:9b01:0:6062:225e:9b01:0
INFO         | Ignore IPv6 address: 608d:225e:9b01:0:6062:225e:9b01:0
INFO         | Ignore IPv6 address: 608d:225e:9b01:0:6062:225e:9b01:0
INFO         | Ignore IPv6 address: 608d:225e:9b01:0:6062:225e:9b01:0
