MAX | web-browser-mocked | Web | 6.1/7.1
Fecha America/Lima: 10/07/2026 15:30:25 -05:00
Commit: 63ed173284647024a7612d5a1cf8f8b0290eff35
Cambios locales: 13
Comando: npm.cmd run test:e2e


> max@0.0.0 test:e2e
> playwright test

[WebServer] (node:45492) Warning: The 'NO_COLOR' env is ignored due to the 'FORCE_COLOR' env being set.
[WebServer] (Use `node --trace-warnings ...` to show where the warning was created)
[WebServer] (node:45492) Warning: The 'NO_COLOR' env is ignored due to the 'FORCE_COLOR' env being set.
[WebServer] (Use `node --trace-warnings ...` to show where the warning was created)

Running 6 tests using 2 workers

(node:30344) Warning: The 'NO_COLOR' env is ignored due to the 'FORCE_COLOR' env being set.
(Use `node --trace-warnings ...` to show where the warning was created)
(node:37484) Warning: The 'NO_COLOR' env is ignored due to the 'FORCE_COLOR' env being set.
(Use `node --trace-warnings ...` to show where the warning was created)
(node:30344) Warning: The 'NO_COLOR' env is ignored due to the 'FORCE_COLOR' env being set.
(Use `node --trace-warnings ...` to show where the warning was created)
(node:37484) Warning: The 'NO_COLOR' env is ignored due to the 'FORCE_COLOR' env being set.
(Use `node --trace-warnings ...` to show where the warning was created)
  ok 1 [desktop-chromium] › e2e\session-and-routes.spec.ts:42:5 › inicia sesión sin guardar credenciales en localStorage (1.1s)
  ok 2 [mobile-chromium] › e2e\session-and-routes.spec.ts:42:5 › inicia sesión sin guardar credenciales en localStorage (1.1s)
  ok 3 [desktop-chromium] › e2e\session-and-routes.spec.ts:54:5 › explica la política y bloquea el registro con una contraseña débil (916ms)
  ok 4 [mobile-chromium] › e2e\session-and-routes.spec.ts:54:5 › explica la política y bloquea el registro con una contraseña débil (940ms)
  ok 5 [desktop-chromium] › e2e\session-and-routes.spec.ts:79:5 › permite recargar directamente una ruta clínica protegida (928ms)
  ok 6 [mobile-chromium] › e2e\session-and-routes.spec.ts:79:5 › permite recargar directamente una ruta clínica protegida (952ms)

  6 passed (8.2s)

To open last HTML report run:
[36m[39m
[36m  npx playwright show-report reports\browser-mocked-html[39m
[36m[39m

Exit code: 0
Finalizado: 10/07/2026 15:30:35 -05:00
