MAX | web-system-attempt2 | Web | 6.1.4.1
Fecha America/Lima: 10/07/2026 15:16:58 -05:00
Commit: 63ed173284647024a7612d5a1cf8f8b0290eff35
Cambios locales: 12
Comando: npm.cmd run test:system


> max@0.0.0 test:system
> playwright test --config=playwright.system.config.ts

[WebServer] (node:31492) Warning: The 'NO_COLOR' env is ignored due to the 'FORCE_COLOR' env being set.
[WebServer] (Use `node --trace-warnings ...` to show where the warning was created)
[WebServer] (node:31492) Warning: The 'NO_COLOR' env is ignored due to the 'FORCE_COLOR' env being set.
[WebServer] (Use `node --trace-warnings ...` to show where the warning was created)

Running 2 tests using 1 worker

(node:47788) Warning: The 'NO_COLOR' env is ignored due to the 'FORCE_COLOR' env being set.
(Use `node --trace-warnings ...` to show where the warning was created)
(node:47788) Warning: The 'NO_COLOR' env is ignored due to the 'FORCE_COLOR' env being set.
(Use `node --trace-warnings ...` to show where the warning was created)
  x  1 [desktop-chromium] › e2e-system\clinical-workflow.spec.ts:10:5 › recorrido real: registro, paciente, edición, estudio y cierre de sesión (1.5m)
(node:47492) Warning: The 'NO_COLOR' env is ignored due to the 'FORCE_COLOR' env being set.
(Use `node --trace-warnings ...` to show where the warning was created)
(node:47492) Warning: The 'NO_COLOR' env is ignored due to the 'FORCE_COLOR' env being set.
(Use `node --trace-warnings ...` to show where the warning was created)
  x  2 [mobile-web-chromium] › e2e-system\clinical-workflow.spec.ts:10:5 › recorrido real: registro, paciente, edición, estudio y cierre de sesión (1.5m)


  1) [desktop-chromium] › e2e-system\clinical-workflow.spec.ts:10:5 › recorrido real: registro, paciente, edición, estudio y cierre de sesión 

    [31mTest timeout of 90000ms exceeded.[39m

    Error: locator.click: Test timeout of 90000ms exceeded.
    Call log:
    [2m  - waiting for getByRole('button', { name: /registrar estudio/i })[22m


      57 |   await page.reload();
      58 |   await expect(page.locator('app-estudios')).toBeVisible();
    > 59 |   await page.getByRole('button', { name: /registrar estudio/i }).click();
         |                                                                  ^
      60 |   await choose(page, 'pacienteId', 'Ana Sintetica');
      61 |   await choose(page, 'tipo', 'RX');
      62 |   await page.getByRole('dialog').locator('[formcontrolname="descripcion"]').fill('Imagen sintética de prueba');
        at C:\Users\oscar\OneDrive\Desktop\PROJECTS\MAX\MAX_FRONT\MAX\e2e-system\clinical-workflow.spec.ts:59:66

    attachment #2: screenshot (image/png) ──────────────────────────────────────────────────────────
    reports\system-web-artifacts\clinical-workflow-recorrid-0b6bc--estudio-y-cierre-de-sesión-desktop-chromium\test-failed-1.png
    ────────────────────────────────────────────────────────────────────────────────────────────────

    Error Context: reports\system-web-artifacts\clinical-workflow-recorrid-0b6bc--estudio-y-cierre-de-sesión-desktop-chromium\error-context.md

    attachment #4: trace (application/zip) ─────────────────────────────────────────────────────────
    reports\system-web-artifacts\clinical-workflow-recorrid-0b6bc--estudio-y-cierre-de-sesión-desktop-chromium\trace.zip
    Usage:

        npx playwright show-trace reports\system-web-artifacts\clinical-workflow-recorrid-0b6bc--estudio-y-cierre-de-sesión-desktop-chromium\trace.zip

    ────────────────────────────────────────────────────────────────────────────────────────────────

  2) [mobile-web-chromium] › e2e-system\clinical-workflow.spec.ts:10:5 › recorrido real: registro, paciente, edición, estudio y cierre de sesión 

    [31mTest timeout of 90000ms exceeded.[39m

    Error: locator.click: Test timeout of 90000ms exceeded.
    Call log:
    [2m  - waiting for getByRole('button', { name: /registrar estudio/i })[22m


      57 |   await page.reload();
      58 |   await expect(page.locator('app-estudios')).toBeVisible();
    > 59 |   await page.getByRole('button', { name: /registrar estudio/i }).click();
         |                                                                  ^
      60 |   await choose(page, 'pacienteId', 'Ana Sintetica');
      61 |   await choose(page, 'tipo', 'RX');
      62 |   await page.getByRole('dialog').locator('[formcontrolname="descripcion"]').fill('Imagen sintética de prueba');
        at C:\Users\oscar\OneDrive\Desktop\PROJECTS\MAX\MAX_FRONT\MAX\e2e-system\clinical-workflow.spec.ts:59:66

    attachment #2: screenshot (image/png) ──────────────────────────────────────────────────────────
    reports\system-web-artifacts\clinical-workflow-recorrid-0b6bc--estudio-y-cierre-de-sesión-mobile-web-chromium\test-failed-1.png
    ────────────────────────────────────────────────────────────────────────────────────────────────

    Error Context: reports\system-web-artifacts\clinical-workflow-recorrid-0b6bc--estudio-y-cierre-de-sesión-mobile-web-chromium\error-context.md

    attachment #4: trace (application/zip) ─────────────────────────────────────────────────────────
    reports\system-web-artifacts\clinical-workflow-recorrid-0b6bc--estudio-y-cierre-de-sesión-mobile-web-chromium\trace.zip
    Usage:

        npx playwright show-trace reports\system-web-artifacts\clinical-workflow-recorrid-0b6bc--estudio-y-cierre-de-sesión-mobile-web-chromium\trace.zip

    ────────────────────────────────────────────────────────────────────────────────────────────────

  2 failed
    [desktop-chromium] › e2e-system\clinical-workflow.spec.ts:10:5 › recorrido real: registro, paciente, edición, estudio y cierre de sesión 
    [mobile-web-chromium] › e2e-system\clinical-workflow.spec.ts:10:5 › recorrido real: registro, paciente, edición, estudio y cierre de sesión 

To open last HTML report run:
[36m[39m
[36m  npx playwright show-report reports\system-web-html[39m
[36m[39m

Exit code: 1
Finalizado: 10/07/2026 15:20:09 -05:00
