MAX | web-system-final | Web | 6.1.4.1
Fecha America/Lima: 10/07/2026 15:28:35 -05:00
Commit: 63ed173284647024a7612d5a1cf8f8b0290eff35
Cambios locales: 13
Comando: npm.cmd run test:system


> max@0.0.0 test:system
> playwright test --config=playwright.system.config.ts

[WebServer] (node:7060) Warning: The 'NO_COLOR' env is ignored due to the 'FORCE_COLOR' env being set.
[WebServer] (Use `node --trace-warnings ...` to show where the warning was created)
[WebServer] (node:7060) Warning: The 'NO_COLOR' env is ignored due to the 'FORCE_COLOR' env being set.
[WebServer] (Use `node --trace-warnings ...` to show where the warning was created)

Running 2 tests using 1 worker

(node:38204) Warning: The 'NO_COLOR' env is ignored due to the 'FORCE_COLOR' env being set.
(Use `node --trace-warnings ...` to show where the warning was created)
(node:38204) Warning: The 'NO_COLOR' env is ignored due to the 'FORCE_COLOR' env being set.
(Use `node --trace-warnings ...` to show where the warning was created)
  ok 1 [desktop-chromium] › e2e-system\clinical-workflow.spec.ts:10:5 › recorrido real: registro, paciente, edición, estudio y cierre de sesión (6.6s)
(node:43108) Warning: The 'NO_COLOR' env is ignored due to the 'FORCE_COLOR' env being set.
(Use `node --trace-warnings ...` to show where the warning was created)
(node:43108) Warning: The 'NO_COLOR' env is ignored due to the 'FORCE_COLOR' env being set.
(Use `node --trace-warnings ...` to show where the warning was created)
  ok 2 [mobile-web-chromium] › e2e-system\clinical-workflow.spec.ts:10:5 › recorrido real: registro, paciente, edición, estudio y cierre de sesión (6.5s)

  2 passed (20.7s)

To open last HTML report run:
[36m[39m
[36m  npx playwright show-report reports\system-web-html[39m
[36m[39m

Exit code: 0
Finalizado: 10/07/2026 15:28:57 -05:00
